2026-09-19 16:19:55,859 | INFO | ========== NEW GAME ==========
2026-09-19 16:19:55,859 | INFO | Game started
2026-09-19 16:19:55,859 | INFO | Initial position: rnbqkbnr/pppppppp/8/8/8/8/PPPPPPPP/RNBQKBNR w KQkq - 0 1
2026-09-19 16:19:55,860 | INFO | Turn 1 | Player: Jev | FEN: rnbqkbnr/pppppppp/8/8/8/8/PPPPPPPP/RNBQKBNR w KQkq - 0 1
2026-09-19 16:19:56,055 | INFO | Tactical check | Nh3      | +0cp               | opp checks: 0 | ok
2026-09-19 16:19:56,055 | INFO | Tactical check | Nf3      | +0cp               | opp checks: 0 | ok
2026-09-19 16:19:56,055 | INFO | Tactical check | Nc3      | +0cp               | opp checks: 0 | ok
2026-09-19 16:19:56,056 | INFO | Tactical check | Na3      | +0cp               | opp checks: 0 | ok
2026-09-19 16:19:56,056 | INFO | Tactical check | e4       | +0cp               | opp checks: 0 | ok
2026-09-19 16:19:56,056 | INFO | Tactical check | d4       | +0cp               | opp checks: 0 | ok
2026-09-19 16:19:56,056 | INFO | Tactical check | h3       | +0cp               | opp checks: 0 | ok
2026-09-19 16:19:56,056 | INFO | Tactical check | g3       | +0cp               | opp checks: 0 | ok
2026-09-19 16:19:56,056 | INFO | Tactical check | f3       | +0cp               | opp checks: 0 | ok
2026-09-19 16:19:56,056 | INFO | Tactical check | e3       | +0cp               | opp checks: 0 | ok
2026-09-19 16:19:56,056 | INFO | Tactical check | d3       | +0cp               | opp checks: 0 | ok
2026-09-19 16:19:56,056 | INFO | Tactical check | c3       | +0cp               | opp checks: 0 | ok
2026-09-19 16:19:56,056 | INFO | Jev evaluating position: rnbqkbnr/pppppppp/8/8/8/8/PPPPPPPP/RNBQKBNR w KQkq - 0 1
2026-09-19 16:19:56,056 | INFO | Jev candidates: Nh3, Nf3, Nc3, Na3, e4, d4
2026-09-19 16:19:56,933 | INFO | HTTP Request: POST https://api.typesafe.ai/v1/systemone "HTTP/1.1 200 OK"
2026-09-19 16:19:56,934 | INFO | POST https://api.typesafe.ai/v1/systemone <- 200 in 877ms (request req_01a0b9497eeb7dee950f873cb3480460)
2026-09-19 16:19:56,935 | INFO | Jev selected: e4
2026-09-19 16:19:56,935 | INFO | Turn 1 | Jev played e4
2026-09-19 16:19:56,935 | INFO | Turn 1 | Player: Stockfish | FEN: rnbqkbnr/pppppppp/8/8/4P3/8/PPPP1PPP/RNBQKBNR b KQkq - 0 1
2026-09-19 16:19:57,011 | INFO | Stockfish selected: c5
2026-09-19 16:19:57,012 | INFO | Turn 1 | Stockfish played c5
2026-09-19 16:19:57,012 | INFO | Turn 2 | Player: Jev | FEN: rnbqkbnr/pp1ppppp/8/2p5/4P3/8/PPPP1PPP/RNBQKBNR w KQkq - 0 2
2026-09-19 16:19:57,328 | INFO | Tactical check | Nh3      | +0cp               | opp checks: 0 | ok
2026-09-19 16:19:57,328 | INFO | Tactical check | Nf3      | +0cp               | opp checks: 0 | ok
2026-09-19 16:19:57,328 | INFO | Tactical check | Ne2      | +0cp               | opp checks: 0 | ok
2026-09-19 16:19:57,328 | INFO | Tactical check | Ba6      | -330cp             | opp checks: 0 | loses material/position vs best (-330 vs +0)
2026-09-19 16:19:57,328 | INFO | Tactical check | Bb5      | +0cp               | opp checks: 0 | ok
2026-09-19 16:19:57,328 | INFO | Tactical check | Bc4      | +0cp               | opp checks: 0 | ok
2026-09-19 16:19:57,328 | INFO | Tactical check | Bd3      | +0cp               | opp checks: 0 | ok
2026-09-19 16:19:57,328 | INFO | Tactical check | Be2      | +0cp               | opp checks: 0 | ok
2026-09-19 16:19:57,328 | INFO | Tactical check | Nc3      | +0cp               | opp checks: 0 | ok
2026-09-19 16:19:57,328 | INFO | Tactical check | Na3      | +0cp               | opp checks: 0 | ok
2026-09-19 16:19:57,328 | INFO | Tactical check | e5       | +0cp               | opp checks: 0 | ok
2026-09-19 16:19:57,329 | INFO | Tactical check | d4       | +0cp               | opp checks: 1 | ok
2026-09-19 16:19:57,329 | INFO | Jev evaluating position: rnbqkbnr/pp1ppppp/8/2p5/4P3/8/PPPP1PPP/RNBQKBNR w KQkq - 0 2
2026-09-19 16:19:57,329 | INFO | Jev candidates: Nh3, Nf3, Ne2, Bb5, Bc4, Bd3
2026-09-19 16:19:57,716 | INFO | HTTP Request: POST https://api.typesafe.ai/v1/systemone "HTTP/1.1 200 OK"
2026-09-19 16:19:57,717 | INFO | POST https://api.typesafe.ai/v1/systemone <- 200 in 388ms (request req_01a0b94981fd79a096526650087890b8)
2026-09-19 16:19:57,717 | INFO | Jev selected: Nf3
2026-09-19 16:19:57,718 | INFO | Turn 2 | Jev played Nf3
2026-09-19 16:19:57,718 | INFO | Turn 2 | Player: Stockfish | FEN: rnbqkbnr/pp1ppppp/8/2p5/4P3/5N2/PPPP1PPP/RNBQKB1R b KQkq - 1 2
2026-09-19 16:19:57,751 | INFO | Stockfish selected: e6
2026-09-19 16:19:57,751 | INFO | Turn 2 | Stockfish played e6
2026-09-19 16:19:57,751 | INFO | Turn 3 | Player: Jev | FEN: rnbqkbnr/pp1p1ppp/4p3/2p5/4P3/5N2/PPPP1PPP/RNBQKB1R w KQkq - 0 3
2026-09-19 16:19:58,348 | INFO | Tactical check | Ne5      | +0cp               | opp checks: 0 | ok
2026-09-19 16:19:58,348 | INFO | Tactical check | Nd4      | -320cp             | opp checks: 0 | loses material/position vs best (-320 vs +0)
2026-09-19 16:19:58,348 | INFO | Tactical check | Ng5      | -320cp             | opp checks: 0 | loses material/position vs best (-320 vs +0)
2026-09-19 16:19:58,348 | INFO | Tactical check | Nh4      | -320cp             | opp checks: 0 | loses material/position vs best (-320 vs +0)
2026-09-19 16:19:58,348 | INFO | Tactical check | Ng1      | +0cp               | opp checks: 0 | ok
2026-09-19 16:19:58,348 | INFO | Tactical check | Ba6      | -330cp             | opp checks: 0 | loses material/position vs best (-330 vs +0)
2026-09-19 16:19:58,349 | INFO | Tactical check | Bb5      | +0cp               | opp checks: 0 | ok
2026-09-19 16:19:58,349 | INFO | Tactical check | Bc4      | +0cp               | opp checks: 0 | ok
2026-09-19 16:19:58,349 | INFO | Tactical check | Bd3      | +0cp               | opp checks: 0 | ok
2026-09-19 16:19:58,349 | INFO | Tactical check | Be2      | +0cp               | opp checks: 0 | ok
2026-09-19 16:19:58,349 | INFO | Tactical check | Nc3      | +0cp               | opp checks: 0 | ok
2026-09-19 16:19:58,349 | INFO | Tactical check | Na3      | +0cp               | opp checks: 0 | ok
2026-09-19 16:19:58,349 | INFO | Jev evaluating position: rnbqkbnr/pp1p1ppp/4p3/2p5/4P3/5N2/PPPP1PPP/RNBQKB1R w KQkq - 0 3
2026-09-19 16:19:58,349 | INFO | Jev candidates: Ne5, Ng1, Bb5, Bc4, Bd3, Be2
2026-09-19 16:19:58,683 | INFO | HTTP Request: POST https://api.typesafe.ai/v1/systemone "HTTP/1.1 200 OK"
2026-09-19 16:19:58,683 | INFO | POST https://api.typesafe.ai/v1/systemone <- 200 in 334ms (request req_01a0b94985f871e782e33929f53b25ad)
2026-09-19 16:19:58,684 | INFO | Jev selected: Ne5
2026-09-19 16:19:58,684 | INFO | Turn 3 | Jev played Ne5
2026-09-19 16:19:58,684 | INFO | Turn 3 | Player: Stockfish | FEN: rnbqkbnr/pp1p1ppp/4p3/2p1N3/4P3/8/PPPP1PPP/RNBQKB1R b KQkq - 1 3
2026-09-19 16:19:58,777 | INFO | Stockfish selected: Nf6
2026-09-19 16:19:58,777 | INFO | Turn 3 | Stockfish played Nf6
2026-09-19 16:19:58,777 | INFO | Turn 4 | Player: Jev | FEN: rnbqkb1r/pp1p1ppp/4pn2/2p1N3/4P3/8/PPPP1PPP/RNBQKB1R w KQkq - 2 4
2026-09-19 16:19:59,401 | INFO | Tactical check | Nxf7     | -220cp             | opp checks: 0 | loses material/position vs best (-220 vs +0)
2026-09-19 16:19:59,401 | INFO | Tactical check | Nxd7     | -220cp             | opp checks: 0 | loses material/position vs best (-220 vs +0)
2026-09-19 16:19:59,401 | INFO | Tactical check | Ng6      | -320cp             | opp checks: 0 | loses material/position vs best (-320 vs +0)
2026-09-19 16:19:59,401 | INFO | Tactical check | Nc6      | -320cp             | opp checks: 0 | loses material/position vs best (-320 vs +0)
2026-09-19 16:19:59,401 | INFO | Tactical check | Ng4      | -100cp             | opp checks: 0 | ok
2026-09-19 16:19:59,401 | INFO | Tactical check | Nc4      | -100cp             | opp checks: 0 | ok
2026-09-19 16:19:59,401 | INFO | Tactical check | Nf3      | -100cp             | opp checks: 0 | ok
2026-09-19 16:19:59,401 | INFO | Tactical check | Nd3      | -100cp             | opp checks: 0 | ok
2026-09-19 16:19:59,401 | INFO | Tactical check | Ba6      | -330cp             | opp checks: 0 | loses material/position vs best (-330 vs +0)
2026-09-19 16:19:59,401 | INFO | Tactical check | Bb5      | -100cp             | opp checks: 0 | ok
2026-09-19 16:19:59,401 | INFO | Tactical check | Bc4      | -100cp             | opp checks: 0 | ok
2026-09-19 16:19:59,401 | INFO | Tactical check | Bd3      | +0cp               | opp checks: 0 | ok
2026-09-19 16:19:59,401 | INFO | Jev evaluating position: rnbqkb1r/pp1p1ppp/4pn2/2p1N3/4P3/8/PPPP1PPP/RNBQKB1R w KQkq - 2 4
2026-09-19 16:19:59,401 | INFO | Jev candidates: Ng4, Nc4, Nf3, Nd3, Bb5, Bc4
2026-09-19 16:19:59,774 | INFO | HTTP Request: POST https://api.typesafe.ai/v1/systemone "HTTP/1.1 200 OK"
2026-09-19 16:19:59,774 | INFO | POST https://api.typesafe.ai/v1/systemone <- 200 in 373ms (request req_01a0b9498a187a848ba1fbbfe848422a)
2026-09-19 16:19:59,775 | INFO | Jev selected: Nf3
2026-09-19 16:19:59,775 | INFO | Turn 4 | Jev played Nf3
2026-09-19 16:19:59,776 | INFO | Turn 4 | Player: Stockfish | FEN: rnbqkb1r/pp1p1ppp/4pn2/2p5/4P3/5N2/PPPP1PPP/RNBQKB1R b KQkq - 3 4
2026-09-19 16:19:59,830 | INFO | Stockfish selected: Nxe4
2026-09-19 16:19:59,830 | INFO | Turn 4 | Stockfish played Nxe4
2026-09-19 16:19:59,830 | INFO | Turn 5 | Player: Jev | FEN: rnbqkb1r/pp1p1ppp/4p3/2p5/4n3/5N2/PPPP1PPP/RNBQKB1R w KQkq - 0 5
2026-09-19 16:20:00,583 | INFO | Tactical check | Ne5      | -100cp             | opp checks: 0 | ok
2026-09-19 16:20:00,583 | INFO | Tactical check | Nd4      | -420cp             | opp checks: 0 | loses material/position vs best (-420 vs -100)
2026-09-19 16:20:00,583 | INFO | Tactical check | Ng5      | -420cp             | opp checks: 0 | loses material/position vs best (-420 vs -100)
2026-09-19 16:20:00,583 | INFO | Tactical check | Nh4      | -420cp             | opp checks: 0 | loses material/position vs best (-420 vs -100)
2026-09-19 16:20:00,583 | INFO | Tactical check | Ng1      | -100cp             | opp checks: 0 | ok
2026-09-19 16:20:00,583 | INFO | Tactical check | Ba6      | -430cp             | opp checks: 0 | loses material/position vs best (-430 vs -100)
2026-09-19 16:20:00,583 | INFO | Tactical check | Bb5      | -100cp             | opp checks: 0 | ok
2026-09-19 16:20:00,583 | INFO | Tactical check | Bc4      | -100cp             | opp checks: 0 | ok
2026-09-19 16:20:00,583 | INFO | Tactical check | Bd3      | -100cp             | opp checks: 0 | ok
2026-09-19 16:20:00,583 | INFO | Tactical check | Be2      | -100cp             | opp checks: 0 | ok
2026-09-19 16:20:00,583 | INFO | Tactical check | Nc3      | -100cp             | opp checks: 0 | ok
2026-09-19 16:20:00,583 | INFO | Tactical check | Na3      | -100cp             | opp checks: 0 | ok
2026-09-19 16:20:00,583 | INFO | Jev evaluating position: rnbqkb1r/pp1p1ppp/4p3/2p5/4n3/5N2/PPPP1PPP/RNBQKB1R w KQkq - 0 5
2026-09-19 16:20:00,583 | INFO | Jev candidates: Ne5, Ng1, Bb5, Bc4, Bd3, Be2
2026-09-19 16:20:00,985 | INFO | HTTP Request: POST https://api.typesafe.ai/v1/systemone "HTTP/1.1 200 OK"
2026-09-19 16:20:00,986 | INFO | POST https://api.typesafe.ai/v1/systemone <- 200 in 403ms (request req_01a0b9498ecb75a3ba56abaf044e21de)
2026-09-19 16:20:00,986 | INFO | Jev selected: Ne5
2026-09-19 16:20:00,987 | INFO | Turn 5 | Jev played Ne5
2026-09-19 16:20:00,987 | INFO | Turn 5 | Player: Stockfish | FEN: rnbqkb1r/pp1p1ppp/4p3/2p1N3/4n3/8/PPPP1PPP/RNBQKB1R b KQkq - 1 5
2026-09-19 16:20:01,031 | INFO | Stockfish selected: Qc7
2026-09-19 16:20:01,031 | INFO | Turn 5 | Stockfish played Qc7
2026-09-19 16:20:01,031 | INFO | Turn 6 | Player: Jev | FEN: rnb1kb1r/ppqp1ppp/4p3/2p1N3/4n3/8/PPPP1PPP/RNBQKB1R w KQkq - 2 6
2026-09-19 16:20:01,907 | INFO | Tactical check | Nxf7     | -320cp             | opp checks: 0 | loses material/position vs best (-320 vs -100)
2026-09-19 16:20:01,907 | INFO | Tactical check | Nxd7     | -320cp             | opp checks: 0 | loses material/position vs best (-320 vs -100)
2026-09-19 16:20:01,907 | INFO | Tactical check | Ng6      | -420cp             | opp checks: 0 | loses material/position vs best (-420 vs -100)
2026-09-19 16:20:01,907 | INFO | Tactical check | Nc6      | -420cp             | opp checks: 0 | loses material/position vs best (-420 vs -100)
2026-09-19 16:20:01,907 | INFO | Tactical check | Ng4      | -100cp             | opp checks: 0 | ok
2026-09-19 16:20:01,907 | INFO | Tactical check | Nc4      | -100cp             | opp checks: 0 | ok
2026-09-19 16:20:01,907 | INFO | Tactical check | Nf3      | -100cp             | opp checks: 0 | ok
2026-09-19 16:20:01,907 | INFO | Tactical check | Nd3      | -200cp             | opp checks: 0 | ok
2026-09-19 16:20:01,907 | INFO | Tactical check | Ba6      | -430cp             | opp checks: 0 | loses material/position vs best (-430 vs -100)
2026-09-19 16:20:01,907 | INFO | Tactical check | Bb5      | -420cp             | opp checks: 0 | loses material/position vs best (-420 vs -100)
2026-09-19 16:20:01,907 | INFO | Tactical check | Bc4      | -420cp             | opp checks: 0 | loses material/position vs best (-420 vs -100)
2026-09-19 16:20:01,907 | INFO | Tactical check | Bd3      | -420cp             | opp checks: 0 | loses material/position vs best (-420 vs -100)
2026-09-19 16:20:01,907 | INFO | Jev evaluating position: rnb1kb1r/ppqp1ppp/4p3/2p1N3/4n3/8/PPPP1PPP/RNBQKB1R w KQkq - 2 6
2026-09-19 16:20:01,907 | INFO | Jev candidates: Ng4, Nc4, Nf3, Nd3
2026-09-19 16:20:02,248 | INFO | HTTP Request: POST https://api.typesafe.ai/v1/systemone "HTTP/1.1 200 OK"
2026-09-19 16:20:02,249 | INFO | POST https://api.typesafe.ai/v1/systemone <- 200 in 341ms (request req_01a0b94993df76dda9458fe94478ca2a)
2026-09-19 16:20:02,249 | INFO | Jev selected: Nf3
2026-09-19 16:20:02,249 | INFO | Turn 6 | Jev played Nf3
2026-09-19 16:20:02,250 | INFO | Turn 6 | Player: Stockfish | FEN: rnb1kb1r/ppqp1ppp/4p3/2p5/4n3/5N2/PPPP1PPP/RNBQKB1R b KQkq - 3 6
2026-09-19 16:20:02,278 | INFO | Stockfish selected: Be7
2026-09-19 16:20:02,278 | INFO | Turn 6 | Stockfish played Be7
2026-09-19 16:20:02,279 | INFO | Turn 7 | Player: Jev | FEN: rnb1k2r/ppqpbppp/4p3/2p5/4n3/5N2/PPPP1PPP/RNBQKB1R w KQkq - 4 7
2026-09-19 16:20:03,380 | INFO | Tactical check | Ne5      | -420cp             | opp checks: 0 | loses material/position vs best (-420 vs -100)
2026-09-19 16:20:03,380 | INFO | Tactical check | Nd4      | -420cp             | opp checks: 0 | loses material/position vs best (-420 vs -100)
2026-09-19 16:20:03,380 | INFO | Tactical check | Ng5      | -420cp             | opp checks: 0 | loses material/position vs best (-420 vs -100)
2026-09-19 16:20:03,380 | INFO | Tactical check | Nh4      | -420cp             | opp checks: 0 | loses material/position vs best (-420 vs -100)
2026-09-19 16:20:03,381 | INFO | Tactical check | Ng1      | -100cp             | opp checks: 0 | ok
2026-09-19 16:20:03,381 | INFO | Tactical check | Ba6      | -430cp             | opp checks: 0 | loses material/position vs best (-430 vs -100)
2026-09-19 16:20:03,381 | INFO | Tactical check | Bb5      | -100cp             | opp checks: 0 | ok
2026-09-19 16:20:03,381 | INFO | Tactical check | Bc4      | -100cp             | opp checks: 0 | ok
2026-09-19 16:20:03,381 | INFO | Tactical check | Bd3      | -100cp             | opp checks: 0 | ok
2026-09-19 16:20:03,381 | INFO | Tactical check | Be2      | -100cp             | opp checks: 0 | ok
2026-09-19 16:20:03,381 | INFO | Tactical check | Nc3      | -100cp             | opp checks: 0 | ok
2026-09-19 16:20:03,381 | INFO | Tactical check | Na3      | -100cp             | opp checks: 0 | ok
2026-09-19 16:20:03,381 | INFO | Jev evaluating position: rnb1k2r/ppqpbppp/4p3/2p5/4n3/5N2/PPPP1PPP/RNBQKB1R w KQkq - 4 7
2026-09-19 16:20:03,381 | INFO | Jev candidates: Ng1, Bb5, Bc4, Bd3, Be2, Nc3
2026-09-19 16:20:03,747 | INFO | HTTP Request: POST https://api.typesafe.ai/v1/systemone "HTTP/1.1 200 OK"
2026-09-19 16:20:03,749 | INFO | POST https://api.typesafe.ai/v1/systemone <- 200 in 367ms (request req_01a0b94999b1725686338eec3f7e62d1)
2026-09-19 16:20:03,750 | INFO | Jev selected: Nc3
2026-09-19 16:20:03,750 | INFO | Turn 7 | Jev played Nc3
2026-09-19 16:20:03,750 | INFO | Turn 7 | Player: Stockfish | FEN: rnb1k2r/ppqpbppp/4p3/2p5/4n3/2N2N2/PPPP1PPP/R1BQKB1R b KQkq - 5 7
2026-09-19 16:20:03,772 | INFO | Stockfish selected: d5
2026-09-19 16:20:03,772 | INFO | Turn 7 | Stockfish played d5
2026-09-19 16:20:03,773 | INFO | Turn 8 | Player: Jev | FEN: rnb1k2r/ppq1bppp/4p3/2pp4/4n3/2N2N2/PPPP1PPP/R1BQKB1R w KQkq - 0 8
2026-09-19 16:20:04,601 | INFO | Tactical check | Bb5+     | -100cp             | opp checks: 0 | ok
2026-09-19 16:20:04,601 | INFO | Tactical check | Nxe4     | -100cp             | opp checks: 0 | ok
2026-09-19 16:20:04,601 | INFO | Tactical check | Nxd5     | -320cp             | opp checks: 0 | loses material/position vs best (-320 vs -100)
2026-09-19 16:20:04,601 | INFO | Tactical check | Ne5      | -420cp             | opp checks: 0 | loses material/position vs best (-420 vs -100)
2026-09-19 16:20:04,601 | INFO | Tactical check | Nd4      | -420cp             | opp checks: 0 | loses material/position vs best (-420 vs -100)
2026-09-19 16:20:04,601 | INFO | Tactical check | Ng5      | -420cp             | opp checks: 0 | loses material/position vs best (-420 vs -100)
2026-09-19 16:20:04,601 | INFO | Tactical check | Nh4      | -420cp             | opp checks: 0 | loses material/position vs best (-420 vs -100)
2026-09-19 16:20:04,601 | INFO | Tactical check | Ng1      | -100cp             | opp checks: 0 | ok
2026-09-19 16:20:04,601 | INFO | Tactical check | Nb5      | -100cp             | opp checks: 0 | ok
2026-09-19 16:20:04,601 | INFO | Tactical check | Na4      | -100cp             | opp checks: 0 | ok
2026-09-19 16:20:04,601 | INFO | Tactical check | Ne2      | -100cp             | opp checks: 0 | ok
2026-09-19 16:20:04,601 | INFO | Tactical check | Nb1      | -100cp             | opp checks: 0 | ok
2026-09-19 16:20:04,601 | INFO | Jev evaluating position: rnb1k2r/ppq1bppp/4p3/2pp4/4n3/2N2N2/PPPP1PPP/R1BQKB1R w KQkq - 0 8
2026-09-19 16:20:04,601 | INFO | Jev candidates: Bb5+, Nxe4, Ng1, Nb5, Na4, Ne2
2026-09-19 16:20:04,972 | INFO | HTTP Request: POST https://api.typesafe.ai/v1/systemone "HTTP/1.1 200 OK"
2026-09-19 16:20:04,973 | INFO | POST https://api.typesafe.ai/v1/systemone <- 200 in 371ms (request req_01a0b9499e717a229630738038cfb6dd)
2026-09-19 16:20:04,973 | INFO | Jev selected: Bb5+
2026-09-19 16:20:04,974 | INFO | Turn 8 | Jev played Bb5+
2026-09-19 16:20:04,974 | INFO | Turn 8 | Player: Stockfish | FEN: rnb1k2r/ppq1bppp/4p3/1Bpp4/4n3/2N2N2/PPPP1PPP/R1BQK2R b KQkq - 1 8
2026-09-19 16:20:05,007 | INFO | Stockfish selected: Nd7
2026-09-19 16:20:05,007 | INFO | Turn 8 | Stockfish played Nd7
2026-09-19 16:20:05,007 | INFO | Turn 9 | Player: Jev | FEN: r1b1k2r/ppqnbppp/4p3/1Bpp4/4n3/2N2N2/PPPP1PPP/R1BQK2R w KQkq - 2 9
2026-09-19 16:20:05,627 | INFO | Tactical check | Bxd7+    | -110cp             | opp checks: 0 | ok
2026-09-19 16:20:05,627 | INFO | Tactical check | Nxe4     | -100cp             | opp checks: 0 | ok
2026-09-19 16:20:05,627 | INFO | Tactical check | Nxd5     | -320cp             | opp checks: 0 | loses material/position vs best (-320 vs -100)
2026-09-19 16:20:05,627 | INFO | Tactical check | Ne5      | -420cp             | opp checks: 0 | loses material/position vs best (-420 vs -100)
2026-09-19 16:20:05,627 | INFO | Tactical check | Nd4      | -420cp             | opp checks: 0 | loses material/position vs best (-420 vs -100)
2026-09-19 16:20:05,627 | INFO | Tactical check | Bc6      | -430cp             | opp checks: 0 | loses material/position vs best (-430 vs -100)
2026-09-19 16:20:05,627 | INFO | Tactical check | Ba6      | -430cp             | opp checks: 0 | loses material/position vs best (-430 vs -100)
2026-09-19 16:20:05,627 | INFO | Tactical check | Bc4      | -430cp             | opp checks: 0 | loses material/position vs best (-430 vs -100)
2026-09-19 16:20:05,627 | INFO | Tactical check | Ba4      | -100cp             | opp checks: 0 | ok
2026-09-19 16:20:05,627 | INFO | Tactical check | Bd3      | -100cp             | opp checks: 0 | ok
2026-09-19 16:20:05,627 | INFO | Tactical check | Be2      | -100cp             | opp checks: 0 | ok
2026-09-19 16:20:05,627 | INFO | Tactical check | Bf1      | -100cp             | opp checks: 0 | ok
2026-09-19 16:20:05,627 | INFO | Jev evaluating position: r1b1k2r/ppqnbppp/4p3/1Bpp4/4n3/2N2N2/PPPP1PPP/R1BQK2R w KQkq - 2 9
2026-09-19 16:20:05,627 | INFO | Jev candidates: Bxd7+, Nxe4, Ba4, Bd3, Be2, Bf1
2026-09-19 16:20:06,054 | INFO | HTTP Request: POST https://api.typesafe.ai/v1/systemone "HTTP/1.1 200 OK"
2026-09-19 16:20:06,055 | INFO | POST https://api.typesafe.ai/v1/systemone <- 200 in 428ms (request req_01a0b949a27d71cba3c376bf69bfa6b4)
2026-09-19 16:20:06,056 | INFO | Jev selected: Bxd7+
2026-09-19 16:20:06,056 | INFO | Turn 9 | Jev played Bxd7+
2026-09-19 16:20:06,056 | INFO | Turn 9 | Player: Stockfish | FEN: r1b1k2r/ppqBbppp/4p3/2pp4/4n3/2N2N2/PPPP1PPP/R1BQK2R b KQkq - 0 9
2026-09-19 16:20:06,127 | INFO | Stockfish selected: Bxd7
2026-09-19 16:20:06,127 | INFO | Turn 9 | Stockfish played Bxd7
2026-09-19 16:20:06,128 | INFO | Turn 10 | Player: Jev | FEN: r3k2r/ppqbbppp/4p3/2pp4/4n3/2N2N2/PPPP1PPP/R1BQK2R w KQkq - 0 10
2026-09-19 16:20:07,233 | INFO | Tactical check | Nxe4     | -110cp             | opp checks: 0 | ok
2026-09-19 16:20:07,233 | INFO | Tactical check | Nxd5     | -330cp             | opp checks: 0 | loses material/position vs best (-330 vs -110)
2026-09-19 16:20:07,233 | INFO | Tactical check | Ne5      | -430cp             | opp checks: 0 | loses material/position vs best (-430 vs -110)
2026-09-19 16:20:07,233 | INFO | Tactical check | Nd4      | -430cp             | opp checks: 0 | loses material/position vs best (-430 vs -110)
2026-09-19 16:20:07,233 | INFO | Tactical check | Ng5      | -430cp             | opp checks: 0 | loses material/position vs best (-430 vs -110)
2026-09-19 16:20:07,233 | INFO | Tactical check | Nh4      | -430cp             | opp checks: 0 | loses material/position vs best (-430 vs -110)
2026-09-19 16:20:07,233 | INFO | Tactical check | Ng1      | -110cp             | opp checks: 0 | ok
2026-09-19 16:20:07,233 | INFO | Tactical check | Nb5      | -430cp             | opp checks: 0 | loses material/position vs best (-430 vs -110)
2026-09-19 16:20:07,233 | INFO | Tactical check | Na4      | -430cp             | opp checks: 0 | loses material/position vs best (-430 vs -110)
2026-09-19 16:20:07,233 | INFO | Tactical check | Ne2      | -110cp             | opp checks: 0 | ok
2026-09-19 16:20:07,233 | INFO | Tactical check | Nb1      | -110cp             | opp checks: 0 | ok
2026-09-19 16:20:07,233 | INFO | Tactical check | d4       | -210cp             | opp checks: 0 | ok
2026-09-19 16:20:07,233 | INFO | Jev evaluating position: r3k2r/ppqbbppp/4p3/2pp4/4n3/2N2N2/PPPP1PPP/R1BQK2R w KQkq - 0 10
2026-09-19 16:20:07,233 | INFO | Jev candidates: Nxe4, Ng1, Ne2, Nb1, d4
2026-09-19 16:20:07,552 | INFO | HTTP Request: POST https://api.typesafe.ai/v1/systemone "HTTP/1.1 200 OK"
2026-09-19 16:20:07,552 | INFO | POST https://api.typesafe.ai/v1/systemone <- 200 in 318ms (request req_01a0b949a8b27a5f8be449b6a64378c2)
2026-09-19 16:20:07,552 | INFO | Jev selected: d4
2026-09-19 16:20:07,552 | INFO | Turn 10 | Jev played d4
2026-09-19 16:20:07,552 | INFO | Turn 10 | Player: Stockfish | FEN: r3k2r/ppqbbppp/4p3/2pp4/3Pn3/2N2N2/PPP2PPP/R1BQK2R b KQkq - 0 10
2026-09-19 16:20:07,564 | INFO | Stockfish selected: Nxc3
2026-09-19 16:20:07,564 | INFO | Turn 10 | Stockfish played Nxc3
2026-09-19 16:20:07,564 | INFO | Turn 11 | Player: Jev | FEN: r3k2r/ppqbbppp/4p3/2pp4/3P4/2n2N2/PPP2PPP/R1BQK2R w KQkq - 0 11
2026-09-19 16:20:08,505 | INFO | Tactical check | bxc3     | -110cp             | opp checks: 1 | ok
2026-09-19 16:20:08,505 | INFO | Tactical check | dxc5     | -1010cp            | opp checks: 1 | loses material/position vs best (-1010 vs -110)
2026-09-19 16:20:08,505 | INFO | Tactical check | Ne5      | -1100cp            | opp checks: 1 | loses material/position vs best (-1100 vs -110)
2026-09-19 16:20:08,505 | INFO | Tactical check | Ng5      | -1110cp            | opp checks: 1 | loses material/position vs best (-1110 vs -110)
2026-09-19 16:20:08,505 | INFO | Tactical check | Nh4      | -1210cp            | opp checks: 1 | loses material/position vs best (-1210 vs -110)
2026-09-19 16:20:08,505 | INFO | Tactical check | Nd2      | -1110cp            | opp checks: 1 | loses material/position vs best (-1110 vs -110)
2026-09-19 16:20:08,505 | INFO | Tactical check | Ng1      | -1110cp            | opp checks: 1 | loses material/position vs best (-1110 vs -110)
2026-09-19 16:20:08,505 | INFO | Tactical check | Bh6      | -1210cp            | opp checks: 1 | loses material/position vs best (-1210 vs -110)
2026-09-19 16:20:08,505 | INFO | Tactical check | Bg5      | -1110cp            | opp checks: 1 | loses material/position vs best (-1110 vs -110)
2026-09-19 16:20:08,505 | INFO | Tactical check | Bf4      | -540cp             | opp checks: 1 | loses material/position vs best (-540 vs -110)
2026-09-19 16:20:08,505 | INFO | Tactical check | Be3      | -1010cp            | opp checks: 0 | loses material/position vs best (-1010 vs -110)
2026-09-19 16:20:08,505 | INFO | Tactical check | Bd2      | -1010cp            | opp checks: 1 | loses material/position vs best (-1010 vs -110)
2026-09-19 16:20:08,505 | INFO | Jev evaluating position: r3k2r/ppqbbppp/4p3/2pp4/3P4/2n2N2/PPP2PPP/R1BQK2R w KQkq - 0 11
2026-09-19 16:20:08,505 | INFO | Jev candidates: bxc3
2026-09-19 16:20:08,882 | INFO | HTTP Request: POST https://api.typesafe.ai/v1/systemone "HTTP/1.1 200 OK"
2026-09-19 16:20:08,882 | INFO | POST https://api.typesafe.ai/v1/systemone <- 200 in 377ms (request req_01a0b949adb37235a31a074894194e80)
2026-09-19 16:20:08,883 | INFO | Jev selected: bxc3
2026-09-19 16:20:08,883 | INFO | Turn 11 | Jev played bxc3
2026-09-19 16:20:08,883 | INFO | Turn 11 | Player: Stockfish | FEN: r3k2r/ppqbbppp/4p3/2pp4/3P4/2P2N2/P1P2PPP/R1BQK2R b KQkq - 0 11
2026-09-19 16:20:08,891 | INFO | Stockfish selected: cxd4
2026-09-19 16:20:08,891 | INFO | Turn 11 | Stockfish played cxd4
2026-09-19 16:20:08,891 | INFO | Turn 12 | Player: Jev | FEN: r3k2r/ppqbbppp/4p3/3p4/3p4/2P2N2/P1P2PPP/R1BQK2R w KQkq - 0 12
2026-09-19 16:20:10,159 | INFO | Tactical check | Nxd4     | -530cp             | opp checks: 2 | loses material/position vs best (-530 vs -210)
2026-09-19 16:20:10,160 | INFO | Tactical check | Qxd4     | -210cp             | opp checks: 2 | ok
2026-09-19 16:20:10,160 | INFO | Tactical check | cxd4     | -210cp             | opp checks: 4 | ok
2026-09-19 16:20:10,160 | INFO | Tactical check | Ne5      | -630cp             | opp checks: 2 | loses material/position vs best (-630 vs -210)
2026-09-19 16:20:10,160 | INFO | Tactical check | Ng5      | -430cp             | opp checks: 2 | loses material/position vs best (-430 vs -210)
2026-09-19 16:20:10,160 | INFO | Tactical check | Nh4      | -530cp             | opp checks: 2 | loses material/position vs best (-530 vs -210)
2026-09-19 16:20:10,160 | INFO | Tactical check | Nd2      | -310cp             | opp checks: 1 | ok
2026-09-19 16:20:10,160 | INFO | Tactical check | Ng1      | -310cp             | opp checks: 2 | ok
2026-09-19 16:20:10,160 | INFO | Tactical check | Bh6      | -440cp             | opp checks: 2 | loses material/position vs best (-440 vs -210)
2026-09-19 16:20:10,160 | INFO | Tactical check | Bg5      | -440cp             | opp checks: 2 | loses material/position vs best (-440 vs -210)
2026-09-19 16:20:10,160 | INFO | Tactical check | Bf4      | -440cp             | opp checks: 2 | loses material/position vs best (-440 vs -210)
2026-09-19 16:20:10,160 | INFO | Tactical check | Be3      | -540cp             | opp checks: 1 | loses material/position vs best (-540 vs -210)
2026-09-19 16:20:10,160 | INFO | Jev evaluating position: r3k2r/ppqbbppp/4p3/3p4/3p4/2P2N2/P1P2PPP/R1BQK2R w KQkq - 0 12
2026-09-19 16:20:10,160 | INFO | Jev candidates: Qxd4, cxd4, Nd2, Ng1
2026-09-19 16:20:10,608 | INFO | HTTP Request: POST https://api.typesafe.ai/v1/systemone "HTTP/1.1 200 OK"
2026-09-19 16:20:10,609 | INFO | POST https://api.typesafe.ai/v1/systemone <- 200 in 449ms (request req_01a0b949b41e7baf81182e7613eacb0f)
2026-09-19 16:20:10,610 | INFO | Jev selected: cxd4
2026-09-19 16:20:10,610 | INFO | Turn 12 | Jev played cxd4
2026-09-19 16:20:10,610 | INFO | Turn 12 | Player: Stockfish | FEN: r3k2r/ppqbbppp/4p3/3p4/3P4/5N2/P1P2PPP/R1BQK2R b KQkq - 0 12
2026-09-19 16:20:10,638 | INFO | Stockfish selected: Bb5
2026-09-19 16:20:10,638 | INFO | Turn 12 | Stockfish played Bb5
2026-09-19 16:20:10,638 | INFO | Turn 13 | Player: Jev | FEN: r3k2r/ppq1bppp/4p3/1b1p4/3P4/5N2/P1P2PPP/R1BQK2R w KQkq - 1 13
2026-09-19 16:20:12,467 | INFO | Tactical check | Ne5      | -210cp             | opp checks: 4 | ok
2026-09-19 16:20:12,467 | INFO | Tactical check | Ng5      | -210cp             | opp checks: 4 | ok
2026-09-19 16:20:12,467 | INFO | Tactical check | Nh4      | -430cp             | opp checks: 4 | loses material/position vs best (-430 vs -110)
2026-09-19 16:20:12,467 | INFO | Tactical check | Nd2      | -210cp             | opp checks: 1 | ok
2026-09-19 16:20:12,467 | INFO | Tactical check | Ng1      | -210cp             | opp checks: 4 | ok
2026-09-19 16:20:12,467 | INFO | Tactical check | Bh6      | -440cp             | opp checks: 4 | loses material/position vs best (-440 vs -110)
2026-09-19 16:20:12,467 | INFO | Tactical check | Bg5      | -440cp             | opp checks: 4 | loses material/position vs best (-440 vs -110)
2026-09-19 16:20:12,467 | INFO | Tactical check | Bf4      | -440cp             | opp checks: 4 | loses material/position vs best (-440 vs -110)
2026-09-19 16:20:12,467 | INFO | Tactical check | Be3      | -210cp             | opp checks: 3 | ok
2026-09-19 16:20:12,467 | INFO | Tactical check | Ba3      | -440cp             | opp checks: 4 | loses material/position vs best (-440 vs -110)
2026-09-19 16:20:12,467 | INFO | Tactical check | Bd2      | -110cp             | opp checks: 1 | ok
2026-09-19 16:20:12,467 | INFO | Tactical check | Bb2      | -210cp             | opp checks: 4 | ok
2026-09-19 16:20:12,467 | INFO | Jev evaluating position: r3k2r/ppq1bppp/4p3/1b1p4/3P4/5N2/P1P2PPP/R1BQK2R w KQkq - 1 13
2026-09-19 16:20:12,467 | INFO | Jev candidates: Ne5, Ng5, Nd2, Ng1, Be3, Bd2
2026-09-19 16:20:12,831 | INFO | HTTP Request: POST https://api.typesafe.ai/v1/systemone "HTTP/1.1 200 OK"
2026-09-19 16:20:12,832 | INFO | POST https://api.typesafe.ai/v1/systemone <- 200 in 365ms (request req_01a0b949bd4e7bf5b737217a0ced1c0e)
2026-09-19 16:20:12,833 | INFO | Jev selected: Ne5
2026-09-19 16:20:12,833 | INFO | Turn 13 | Jev played Ne5
2026-09-19 16:20:12,833 | INFO | Turn 13 | Player: Stockfish | FEN: r3k2r/ppq1bppp/4p3/1b1pN3/3P4/8/P1P2PPP/R1BQK2R b KQkq - 2 13
2026-09-19 16:20:12,845 | INFO | Stockfish selected: Qc3+
2026-09-19 16:20:12,845 | INFO | Turn 13 | Stockfish played Qc3+
2026-09-19 16:20:12,845 | INFO | Turn 14 | Player: Jev | FEN: r3k2r/pp2bppp/4p3/1b1pN3/3P4/2q5/P1P2PPP/R1BQK2R w KQkq - 3 14
2026-09-19 16:20:13,035 | INFO | Tactical check | Bd2      | -210cp             | opp checks: 2 | ok
2026-09-19 16:20:13,035 | INFO | Tactical check | Qd2      | -610cp             | opp checks: 2 | loses material/position vs best (-610 vs -210)
2026-09-19 16:20:13,035 | INFO | Jev evaluating position: r3k2r/pp2bppp/4p3/1b1pN3/3P4/2q5/P1P2PPP/R1BQK2R w KQkq - 3 14
2026-09-19 16:20:13,036 | INFO | Jev candidates: Bd2
2026-09-19 16:20:13,710 | INFO | HTTP Request: POST https://api.typesafe.ai/v1/systemone "HTTP/1.1 200 OK"
2026-09-19 16:20:13,711 | INFO | POST https://api.typesafe.ai/v1/systemone <- 200 in 675ms (request req_01a0b949bf5a7015ab3e6e4a395ebdd7)
2026-09-19 16:20:13,711 | INFO | Jev selected: Bd2
2026-09-19 16:20:13,712 | INFO | Turn 14 | Jev played Bd2
2026-09-19 16:20:13,712 | INFO | Turn 14 | Player: Stockfish | FEN: r3k2r/pp2bppp/4p3/1b1pN3/3P4/2q5/P1PB1PPP/R2QK2R b KQkq - 4 14
2026-09-19 16:20:13,722 | INFO | Stockfish selected: Qxd4
2026-09-19 16:20:13,723 | INFO | Turn 14 | Stockfish played Qxd4
2026-09-19 16:20:13,723 | INFO | Turn 15 | Player: Jev | FEN: r3k2r/pp2bppp/4p3/1b1pN3/3q4/8/P1PB1PPP/R2QK2R w KQkq - 0 15
2026-09-19 16:20:15,035 | INFO | Tactical check | Nxf7     | -1010cp            | opp checks: 5 | loses material/position vs best (-1010 vs -310)
2026-09-19 16:20:15,035 | INFO | Tactical check | Nd7      | -1110cp            | opp checks: 5 | loses material/position vs best (-1110 vs -310)
2026-09-19 16:20:15,035 | INFO | Tactical check | Ng6      | -1110cp            | opp checks: 5 | loses material/position vs best (-1110 vs -310)
2026-09-19 16:20:15,035 | INFO | Tactical check | Nc6      | -630cp             | opp checks: 5 | loses material/position vs best (-630 vs -310)
2026-09-19 16:20:15,035 | INFO | Tactical check | Ng4      | -310cp             | opp checks: 5 | ok
2026-09-19 16:20:15,035 | INFO | Tactical check | Nc4      | -630cp             | opp checks: 5 | loses material/position vs best (-630 vs -310)
2026-09-19 16:20:15,035 | INFO | Tactical check | Nf3      | -530cp             | opp checks: 5 | loses material/position vs best (-530 vs -310)
2026-09-19 16:20:15,035 | INFO | Tactical check | Nd3      | -470cp             | opp checks: 4 | loses material/position vs best (-470 vs -310)
2026-09-19 16:20:15,035 | INFO | Tactical check | Bh6      | we get mated in 4  | opp checks: 9 | allows forced checkmate
2026-09-19 16:20:15,035 | INFO | Tactical check | Bg5      | we get mated in 4  | opp checks: 9 | allows forced checkmate
2026-09-19 16:20:15,035 | INFO | Tactical check | Ba5      | we get mated in 3  | opp checks: 9 | allows forced checkmate
2026-09-19 16:20:15,035 | INFO | Tactical check | Bf4      | we get mated in 4  | opp checks: 9 | allows forced checkmate
2026-09-19 16:20:15,035 | INFO | Jev evaluating position: r3k2r/pp2bppp/4p3/1b1pN3/3q4/8/P1PB1PPP/R2QK2R w KQkq - 0 15
2026-09-19 16:20:15,035 | INFO | Jev candidates: Ng4
2026-09-19 16:20:15,433 | INFO | HTTP Request: POST https://api.typesafe.ai/v1/systemone "HTTP/1.1 200 OK"
2026-09-19 16:20:15,434 | INFO | POST https://api.typesafe.ai/v1/systemone <- 200 in 398ms (request req_01a0b949c73e727ab27a7fb9e96eb7bb)
2026-09-19 16:20:15,434 | INFO | Jev selected: Ng4
2026-09-19 16:20:15,435 | INFO | Turn 15 | Jev played Ng4
2026-09-19 16:20:15,435 | INFO | Turn 15 | Player: Stockfish | FEN: r3k2r/pp2bppp/4p3/1b1p4/3q2N1/8/P1PB1PPP/R2QK2R b KQkq - 1 15
2026-09-19 16:20:15,452 | INFO | Stockfish selected: Qe4+
2026-09-19 16:20:15,452 | INFO | Turn 15 | Stockfish played Qe4+
2026-09-19 16:20:15,452 | INFO | Turn 16 | Player: Jev | FEN: r3k2r/pp2bppp/4p3/1b1p4/4q1N1/8/P1PB1PPP/R2QK2R w KQkq - 2 16
2026-09-19 16:20:15,862 | INFO | Tactical check | Ne3      | -210cp             | opp checks: 1 | ok
2026-09-19 16:20:15,862 | INFO | Tactical check | Be3      | -1100cp            | opp checks: 3 | loses material/position vs best (-1100 vs -210)
2026-09-19 16:20:15,862 | INFO | Tactical check | Qe2      | we get mated in 1  | opp checks: 1 | allows forced checkmate
2026-09-19 16:20:15,862 | INFO | Jev evaluating position: r3k2r/pp2bppp/4p3/1b1p4/4q1N1/8/P1PB1PPP/R2QK2R w KQkq - 2 16
2026-09-19 16:20:15,862 | INFO | Jev candidates: Ne3
2026-09-19 16:20:16,198 | INFO | HTTP Request: POST https://api.typesafe.ai/v1/systemone "HTTP/1.1 200 OK"
2026-09-19 16:20:16,198 | INFO | POST https://api.typesafe.ai/v1/systemone <- 200 in 336ms (request req_01a0b949ca69758296e0103d5ea3ec21)
2026-09-19 16:20:16,199 | INFO | Jev selected: Ne3
2026-09-19 16:20:16,199 | INFO | Turn 16 | Jev played Ne3
2026-09-19 16:20:16,199 | INFO | Turn 16 | Player: Stockfish | FEN: r3k2r/pp2bppp/4p3/1b1p4/4q3/4N3/P1PB1PPP/R2QK2R b KQkq - 3 16
2026-09-19 16:20:16,220 | INFO | Stockfish selected: Rc8
2026-09-19 16:20:16,220 | INFO | Turn 16 | Stockfish played Rc8
2026-09-19 16:20:16,221 | INFO | Turn 17 | Player: Jev | FEN: 2r1k2r/pp2bppp/4p3/1b1p4/4q3/4N3/P1PB1PPP/R2QK2R w KQk - 4 17
2026-09-19 16:20:18,767 | INFO | Tactical check | Ba5      | -310cp             | opp checks: 3 | ok
2026-09-19 16:20:18,767 | INFO | Tactical check | Bb4      | -1110cp            | opp checks: 3 | loses material/position vs best (-1110 vs -210)
2026-09-19 16:20:18,767 | INFO | Tactical check | Bc3      | -540cp             | opp checks: 1 | loses material/position vs best (-540 vs -210)
2026-09-19 16:20:18,767 | INFO | Tactical check | Bc1      | -310cp             | opp checks: 3 | ok
2026-09-19 16:20:18,767 | INFO | Tactical check | Rg1      | -300cp             | opp checks: 1 | ok
2026-09-19 16:20:18,767 | INFO | Tactical check | Rf1      | -480cp             | opp checks: 1 | loses material/position vs best (-480 vs -210)
2026-09-19 16:20:18,767 | INFO | Tactical check | Qh5      | -310cp             | opp checks: 1 | ok
2026-09-19 16:20:18,767 | INFO | Tactical check | Qg4      | -310cp             | opp checks: 1 | ok
2026-09-19 16:20:18,768 | INFO | Tactical check | Qf3      | -210cp             | opp checks: 1 | ok
2026-09-19 16:20:18,768 | INFO | Tactical check | Qe2      | -880cp             | opp checks: 0 | loses material/position vs best (-880 vs -210)
2026-09-19 16:20:18,768 | INFO | Tactical check | Qc1      | -210cp             | opp checks: 1 | ok
2026-09-19 16:20:18,768 | INFO | Tactical check | Qb1      | -210cp             | opp checks: 1 | ok
2026-09-19 16:20:18,768 | INFO | Jev evaluating position: 2r1k2r/pp2bppp/4p3/1b1p4/4q3/4N3/P1PB1PPP/R2QK2R w KQk - 4 17
2026-09-19 16:20:18,768 | INFO | Jev candidates: Ba5, Bc1, Rg1, Qh5, Qg4, Qf3
2026-09-19 16:20:19,106 | INFO | HTTP Request: POST https://api.typesafe.ai/v1/systemone "HTTP/1.1 200 OK"
2026-09-19 16:20:19,106 | INFO | POST https://api.typesafe.ai/v1/systemone <- 200 in 339ms (request req_01a0b949d5bc74de9bcfb84c9ea2204e)
2026-09-19 16:20:19,107 | INFO | Jev selected: Qf3
2026-09-19 16:20:19,107 | INFO | Turn 17 | Jev played Qf3
2026-09-19 16:20:19,108 | INFO | Turn 17 | Player: Stockfish | FEN: 2r1k2r/pp2bppp/4p3/1b1p4/4q3/4NQ2/P1PB1PPP/R3K2R b KQk - 5 17
2026-09-19 16:20:19,121 | INFO | Stockfish selected: Qxf3
2026-09-19 16:20:19,121 | INFO | Turn 17 | Stockfish played Qxf3
2026-09-19 16:20:19,121 | INFO | Turn 18 | Player: Jev | FEN: 2r1k2r/pp2bppp/4p3/1b1p4/8/4Nq2/P1PB1PPP/R3K2R w KQk - 0 18
2026-09-19 16:20:20,213 | INFO | Tactical check | gxf3     | -310cp             | opp checks: 0 | ok
2026-09-19 16:20:20,213 | INFO | Tactical check | Nxd5     | we get mated in 1  | opp checks: 5 | allows forced checkmate
2026-09-19 16:20:20,213 | INFO | Tactical check | Nf5      | we get mated in 1  | opp checks: 5 | allows forced checkmate
2026-09-19 16:20:20,213 | INFO | Tactical check | Ng4      | we get mated in 1  | opp checks: 5 | allows forced checkmate
2026-09-19 16:20:20,213 | INFO | Tactical check | Nc4      | -1530cp            | opp checks: 5 | loses material/position vs best (-1530 vs -310)
2026-09-19 16:20:20,213 | INFO | Tactical check | Nf1      | we get mated in 1  | opp checks: 5 | allows forced checkmate
2026-09-19 16:20:20,213 | INFO | Tactical check | Nd1      | we get mated in 1  | opp checks: 5 | allows forced checkmate
2026-09-19 16:20:20,213 | INFO | Tactical check | Ba5      | we get mated in 1  | opp checks: 5 | allows forced checkmate
2026-09-19 16:20:20,213 | INFO | Tactical check | Bb4      | we get mated in 1  | opp checks: 5 | allows forced checkmate
2026-09-19 16:20:20,213 | INFO | Tactical check | Bc3      | we get mated in 1  | opp checks: 4 | allows forced checkmate
2026-09-19 16:20:20,213 | INFO | Tactical check | Bc1      | we get mated in 1  | opp checks: 5 | allows forced checkmate
2026-09-19 16:20:20,213 | INFO | Tactical check | Rg1      | we get mated in 1  | opp checks: 4 | allows forced checkmate
2026-09-19 16:20:20,213 | INFO | Jev evaluating position: 2r1k2r/pp2bppp/4p3/1b1p4/8/4Nq2/P1PB1PPP/R3K2R w KQk - 0 18
2026-09-19 16:20:20,214 | INFO | Jev candidates: gxf3
2026-09-19 16:20:20,541 | INFO | HTTP Request: POST https://api.typesafe.ai/v1/systemone "HTTP/1.1 200 OK"
2026-09-19 16:20:20,542 | INFO | POST https://api.typesafe.ai/v1/systemone <- 200 in 328ms (request req_01a0b949db62741c9baaf33fd9c1d9b1)
2026-09-19 16:20:20,542 | INFO | Jev selected: gxf3
2026-09-19 16:20:20,543 | INFO | Turn 18 | Jev played gxf3
2026-09-19 16:20:20,543 | INFO | Turn 18 | Player: Stockfish | FEN: 2r1k2r/pp2bppp/4p3/1b1p4/8/4NP2/P1PB1P1P/R3K2R b KQk - 0 18
2026-09-19 16:20:20,563 | INFO | Stockfish selected: d4
2026-09-19 16:20:20,563 | INFO | Turn 18 | Stockfish played d4
2026-09-19 16:20:20,563 | INFO | Turn 19 | Player: Jev | FEN: 2r1k2r/pp2bppp/4p3/1b6/3p4/4NP2/P1PB1P1P/R3K2R w KQk - 0 19
2026-09-19 16:20:21,487 | INFO | Tactical check | Nd5      | -530cp             | opp checks: 0 | loses material/position vs best (-530 vs -310)
2026-09-19 16:20:21,487 | INFO | Tactical check | Nf5      | -530cp             | opp checks: 0 | loses material/position vs best (-530 vs -310)
2026-09-19 16:20:21,487 | INFO | Tactical check | Ng4      | -310cp             | opp checks: 0 | ok
2026-09-19 16:20:21,487 | INFO | Tactical check | Nc4      | -530cp             | opp checks: 0 | loses material/position vs best (-530 vs -310)
2026-09-19 16:20:21,487 | INFO | Tactical check | Ng2      | -310cp             | opp checks: 0 | ok
2026-09-19 16:20:21,487 | INFO | Tactical check | Nf1      | -310cp             | opp checks: 0 | ok
2026-09-19 16:20:21,487 | INFO | Tactical check | Nd1      | -310cp             | opp checks: 0 | ok
2026-09-19 16:20:21,487 | INFO | Tactical check | Ba5      | -530cp             | opp checks: 1 | loses material/position vs best (-530 vs -310)
2026-09-19 16:20:21,487 | INFO | Tactical check | Bb4      | -760cp             | opp checks: 1 | loses material/position vs best (-760 vs -310)
2026-09-19 16:20:21,487 | INFO | Tactical check | Bc3      | -540cp             | opp checks: 0 | loses material/position vs best (-540 vs -310)
2026-09-19 16:20:21,487 | INFO | Tactical check | Bc1      | -430cp             | opp checks: 1 | ok
2026-09-19 16:20:21,487 | INFO | Tactical check | Rg1      | -430cp             | opp checks: 0 | ok
2026-09-19 16:20:21,487 | INFO | Jev evaluating position: 2r1k2r/pp2bppp/4p3/1b6/3p4/4NP2/P1PB1P1P/R3K2R w KQk - 0 19
2026-09-19 16:20:21,487 | INFO | Jev candidates: Ng4, Ng2, Nf1, Nd1, Bc1, Rg1
2026-09-19 16:20:22,170 | INFO | HTTP Request: POST https://api.typesafe.ai/v1/systemone "HTTP/1.1 200 OK"
2026-09-19 16:20:22,171 | INFO | POST https://api.typesafe.ai/v1/systemone <- 200 in 684ms (request req_01a0b949e0aa7a7194085f3107191a6f)
2026-09-19 16:20:22,172 | INFO | Jev selected: Ng4
2026-09-19 16:20:22,172 | INFO | Turn 19 | Jev played Ng4
2026-09-19 16:20:22,172 | INFO | Turn 19 | Player: Stockfish | FEN: 2r1k2r/pp2bppp/4p3/1b6/3p2N1/5P2/P1PB1P1P/R3K2R b KQk - 1 19
2026-09-19 16:20:22,201 | INFO | Stockfish selected: Rxc2
2026-09-19 16:20:22,201 | INFO | Turn 19 | Stockfish played Rxc2
2026-09-19 16:20:22,201 | INFO | Turn 20 | Player: Jev | FEN: 4k2r/pp2bppp/4p3/1b6/3p2N1/5P2/P1rB1P1P/R3K2R w KQk - 0 20
2026-09-19 16:20:23,199 | INFO | Tactical check | Nf6+     | -630cp             | opp checks: 0 | loses material/position vs best (-630 vs -310)
2026-09-19 16:20:23,199 | INFO | Tactical check | Ne5      | -310cp             | opp checks: 1 | ok
2026-09-19 16:20:23,199 | INFO | Tactical check | Nh6      | -630cp             | opp checks: 1 | loses material/position vs best (-630 vs -310)
2026-09-19 16:20:23,199 | INFO | Tactical check | Ne3      | -530cp             | opp checks: 1 | loses material/position vs best (-530 vs -310)
2026-09-19 16:20:23,199 | INFO | Tactical check | Bh6      | -640cp             | opp checks: 3 | loses material/position vs best (-640 vs -310)
2026-09-19 16:20:23,199 | INFO | Tactical check | Bg5      | -640cp             | opp checks: 3 | loses material/position vs best (-640 vs -310)
2026-09-19 16:20:23,199 | INFO | Tactical check | Ba5      | -310cp             | opp checks: 3 | ok
2026-09-19 16:20:23,199 | INFO | Tactical check | Bf4      | -410cp             | opp checks: 3 | ok
2026-09-19 16:20:23,199 | INFO | Tactical check | Bb4      | -640cp             | opp checks: 3 | loses material/position vs best (-640 vs -310)
2026-09-19 16:20:23,199 | INFO | Tactical check | Be3      | -540cp             | opp checks: 3 | loses material/position vs best (-540 vs -310)
2026-09-19 16:20:23,199 | INFO | Tactical check | Bc3      | -640cp             | opp checks: 2 | loses material/position vs best (-640 vs -310)
2026-09-19 16:20:23,199 | INFO | Tactical check | Bc1      | -460cp             | opp checks: 3 | ok
2026-09-19 16:20:23,199 | INFO | Jev evaluating position: 4k2r/pp2bppp/4p3/1b6/3p2N1/5P2/P1rB1P1P/R3K2R w KQk - 0 20
2026-09-19 16:20:23,199 | INFO | Jev candidates: Ne5, Ba5, Bf4, Bc1
2026-09-19 16:20:24,204 | INFO | HTTP Request: POST https://api.typesafe.ai/v1/systemone "HTTP/1.1 200 OK"
2026-09-19 16:20:24,205 | INFO | POST https://api.typesafe.ai/v1/systemone <- 200 in 1005ms (request req_01a0b949e98d7c7fb994a39a0e2ce367)
2026-09-19 16:20:24,205 | INFO | Jev selected: Ne5
2026-09-19 16:20:24,205 | INFO | Turn 20 | Jev played Ne5
2026-09-19 16:20:24,205 | INFO | Turn 20 | Player: Stockfish | FEN: 4k2r/pp2bppp/4p3/1b2N3/3p4/5P2/P1rB1P1P/R3K2R b KQk - 1 20
2026-09-19 16:20:24,228 | INFO | Stockfish selected: f6
2026-09-19 16:20:24,228 | INFO | Turn 20 | Stockfish played f6
2026-09-19 16:20:24,228 | INFO | Turn 21 | Player: Jev | FEN: 4k2r/pp2b1pp/4pp2/1b2N3/3p4/5P2/P1rB1P1P/R3K2R w KQk - 0 21
2026-09-19 16:20:24,960 | INFO | Tactical check | Nf7      | -630cp             | opp checks: 1 | loses material/position vs best (-630 vs -400)
2026-09-19 16:20:24,960 | INFO | Tactical check | Nd7      | -630cp             | opp checks: 1 | loses material/position vs best (-630 vs -400)
2026-09-19 16:20:24,960 | INFO | Tactical check | Ng6      | -630cp             | opp checks: 1 | loses material/position vs best (-630 vs -400)
2026-09-19 16:20:24,960 | INFO | Tactical check | Nc6      | -630cp             | opp checks: 1 | loses material/position vs best (-630 vs -400)
2026-09-19 16:20:24,960 | INFO | Tactical check | Ng4      | -400cp             | opp checks: 1 | ok
2026-09-19 16:20:24,960 | INFO | Tactical check | Nc4      | -630cp             | opp checks: 1 | loses material/position vs best (-630 vs -400)
2026-09-19 16:20:24,960 | INFO | Tactical check | Nd3      | -630cp             | opp checks: 1 | loses material/position vs best (-630 vs -400)
2026-09-19 16:20:24,960 | INFO | Tactical check | Bh6      | -640cp             | opp checks: 3 | loses material/position vs best (-640 vs -400)
2026-09-19 16:20:24,960 | INFO | Tactical check | Bg5      | -640cp             | opp checks: 3 | loses material/position vs best (-640 vs -400)
2026-09-19 16:20:24,960 | INFO | Tactical check | Ba5      | -630cp             | opp checks: 3 | loses material/position vs best (-630 vs -400)
2026-09-19 16:20:24,960 | INFO | Tactical check | Bf4      | -630cp             | opp checks: 3 | loses material/position vs best (-630 vs -400)
2026-09-19 16:20:24,960 | INFO | Tactical check | Bb4      | -960cp             | opp checks: 3 | loses material/position vs best (-960 vs -400)
2026-09-19 16:20:24,960 | INFO | Jev evaluating position: 4k2r/pp2b1pp/4pp2/1b2N3/3p4/5P2/P1rB1P1P/R3K2R w KQk - 0 21
2026-09-19 16:20:24,960 | INFO | Jev candidates: Ng4
2026-09-19 16:20:25,271 | INFO | HTTP Request: POST https://api.typesafe.ai/v1/systemone "HTTP/1.1 200 OK"
2026-09-19 16:20:25,272 | INFO | POST https://api.typesafe.ai/v1/systemone <- 200 in 311ms (request req_01a0b949eded7adbb25428ebb0ca3c77)
2026-09-19 16:20:25,272 | INFO | Jev selected: Ng4
2026-09-19 16:20:25,272 | INFO | Turn 21 | Jev played Ng4
2026-09-19 16:20:25,273 | INFO | Turn 21 | Player: Stockfish | FEN: 4k2r/pp2b1pp/4pp2/1b6/3p2N1/5P2/P1rB1P1P/R3K2R b KQk - 1 21
2026-09-19 16:20:25,307 | INFO | Stockfish selected: Kd7
2026-09-19 16:20:25,307 | INFO | Turn 21 | Stockfish played Kd7
2026-09-19 16:20:25,307 | INFO | Turn 22 | Player: Jev | FEN: 7r/pp1kb1pp/4pp2/1b6/3p2N1/5P2/P1rB1P1P/R3K2R w KQ - 2 22
2026-09-19 16:20:26,099 | INFO | Tactical check | Nxf6+    | -530cp             | opp checks: 0 | ok
2026-09-19 16:20:26,100 | INFO | Tactical check | Ne5+     | -630cp             | opp checks: 0 | loses material/position vs best (-630 vs -410)
2026-09-19 16:20:26,100 | INFO | Tactical check | Nh6      | -630cp             | opp checks: 1 | loses material/position vs best (-630 vs -410)
2026-09-19 16:20:26,100 | INFO | Tactical check | Ne3      | -530cp             | opp checks: 1 | ok
2026-09-19 16:20:26,100 | INFO | Tactical check | Bh6      | -640cp             | opp checks: 3 | loses material/position vs best (-640 vs -410)
2026-09-19 16:20:26,100 | INFO | Tactical check | Bg5      | -640cp             | opp checks: 3 | loses material/position vs best (-640 vs -410)
2026-09-19 16:20:26,100 | INFO | Tactical check | Ba5      | -410cp             | opp checks: 3 | ok
2026-09-19 16:20:26,100 | INFO | Tactical check | Bf4      | -410cp             | opp checks: 3 | ok
2026-09-19 16:20:26,100 | INFO | Tactical check | Bb4      | -640cp             | opp checks: 3 | loses material/position vs best (-640 vs -410)
2026-09-19 16:20:26,100 | INFO | Tactical check | Be3      | -540cp             | opp checks: 3 | ok
2026-09-19 16:20:26,100 | INFO | Tactical check | Bc3      | -640cp             | opp checks: 2 | loses material/position vs best (-640 vs -410)
2026-09-19 16:20:26,100 | INFO | Tactical check | Bc1      | -460cp             | opp checks: 3 | ok
2026-09-19 16:20:26,100 | INFO | Jev evaluating position: 7r/pp1kb1pp/4pp2/1b6/3p2N1/5P2/P1rB1P1P/R3K2R w KQ - 2 22
2026-09-19 16:20:26,100 | INFO | Jev candidates: Nxf6+, Ne3, Ba5, Bf4, Be3, Bc1
2026-09-19 16:20:26,450 | INFO | HTTP Request: POST https://api.typesafe.ai/v1/systemone "HTTP/1.1 200 OK"
2026-09-19 16:20:26,451 | INFO | POST https://api.typesafe.ai/v1/systemone <- 200 in 351ms (request req_01a0b949f2607f569d4ba1fe3a69ac0b)
2026-09-19 16:20:26,451 | INFO | Jev selected: Nxf6+
2026-09-19 16:20:26,451 | INFO | Turn 22 | Jev played Nxf6+
2026-09-19 16:20:26,452 | INFO | Turn 22 | Player: Stockfish | FEN: 7r/pp1kb1pp/4pN2/1b6/3p4/5P2/P1rB1P1P/R3K2R b KQ - 0 22
2026-09-19 16:20:26,466 | INFO | Stockfish selected: Bxf6
2026-09-19 16:20:26,466 | INFO | Turn 22 | Stockfish played Bxf6
2026-09-19 16:20:26,467 | INFO | Turn 23 | Player: Jev | FEN: 7r/pp1k2pp/4pb2/1b6/3p4/5P2/P1rB1P1P/R3K2R w KQ - 0 23
2026-09-19 16:20:27,822 | INFO | Tactical check | Bh6      | -860cp             | opp checks: 2 | loses material/position vs best (-860 vs -530)
2026-09-19 16:20:27,822 | INFO | Tactical check | Bg5      | -860cp             | opp checks: 2 | loses material/position vs best (-860 vs -530)
2026-09-19 16:20:27,822 | INFO | Tactical check | Ba5      | -630cp             | opp checks: 2 | ok
2026-09-19 16:20:27,822 | INFO | Tactical check | Bf4      | -630cp             | opp checks: 2 | ok
2026-09-19 16:20:27,822 | INFO | Tactical check | Bb4      | -630cp             | opp checks: 2 | ok
2026-09-19 16:20:27,822 | INFO | Tactical check | Be3      | -860cp             | opp checks: 2 | loses material/position vs best (-860 vs -530)
2026-09-19 16:20:27,822 | INFO | Tactical check | Bc3      | -860cp             | opp checks: 2 | loses material/position vs best (-860 vs -530)
2026-09-19 16:20:27,822 | INFO | Tactical check | Bc1      | -630cp             | opp checks: 2 | ok
2026-09-19 16:20:27,822 | INFO | Tactical check | Rg1      | -530cp             | opp checks: 1 | ok
2026-09-19 16:20:27,822 | INFO | Tactical check | Rf1      | -1030cp            | opp checks: 1 | loses material/position vs best (-1030 vs -530)
2026-09-19 16:20:27,822 | INFO | Tactical check | Kd1      | -530cp             | opp checks: 3 | ok
2026-09-19 16:20:27,822 | INFO | Tactical check | Rd1      | -630cp             | opp checks: 0 | ok
2026-09-19 16:20:27,822 | INFO | Jev evaluating position: 7r/pp1k2pp/4pb2/1b6/3p4/5P2/P1rB1P1P/R3K2R w KQ - 0 23
2026-09-19 16:20:27,822 | INFO | Jev candidates: Ba5, Bf4, Bb4, Bc1, Rg1, Kd1
2026-09-19 16:20:28,391 | INFO | HTTP Request: POST https://api.typesafe.ai/v1/systemone "HTTP/1.1 200 OK"
2026-09-19 16:20:28,392 | INFO | POST https://api.typesafe.ai/v1/systemone <- 200 in 569ms (request req_01a0b949f94878f195f8f18f7dba74a2)
2026-09-19 16:20:28,392 | INFO | Jev selected: Bf4
2026-09-19 16:20:28,392 | INFO | Turn 23 | Jev played Bf4
2026-09-19 16:20:28,393 | INFO | Turn 23 | Player: Stockfish | FEN: 7r/pp1k2pp/4pb2/1b6/3p1B2/5P2/P1r2P1P/R3K2R b KQ - 1 23
2026-09-19 16:20:28,424 | INFO | Stockfish selected: Rhc8
2026-09-19 16:20:28,424 | INFO | Turn 23 | Stockfish played Rhc8
2026-09-19 16:20:28,425 | INFO | Turn 24 | Player: Jev | FEN: 2r5/pp1k2pp/4pb2/1b6/3p1B2/5P2/P1r2P1P/R3K2R w KQ - 2 24
2026-09-19 16:20:29,711 | INFO | Tactical check | Be5      | -1030cp            | opp checks: 2 | loses material/position vs best (-1030 vs -630)
2026-09-19 16:20:29,711 | INFO | Tactical check | Bb8      | -1030cp            | opp checks: 2 | loses material/position vs best (-1030 vs -630)
2026-09-19 16:20:29,711 | INFO | Tactical check | Bc7      | -860cp             | opp checks: 2 | loses material/position vs best (-860 vs -630)
2026-09-19 16:20:29,711 | INFO | Tactical check | Bh6      | -860cp             | opp checks: 2 | loses material/position vs best (-860 vs -630)
2026-09-19 16:20:29,711 | INFO | Tactical check | Bd6      | -1030cp            | opp checks: 2 | loses material/position vs best (-1030 vs -630)
2026-09-19 16:20:29,711 | INFO | Tactical check | Bg5      | -1060cp            | opp checks: 2 | loses material/position vs best (-1060 vs -630)
2026-09-19 16:20:29,711 | INFO | Tactical check | Bg3      | -1030cp            | opp checks: 2 | loses material/position vs best (-1030 vs -630)
2026-09-19 16:20:29,711 | INFO | Tactical check | Be3      | -860cp             | opp checks: 2 | loses material/position vs best (-860 vs -630)
2026-09-19 16:20:29,711 | INFO | Tactical check | Bd2      | -630cp             | opp checks: 1 | ok
2026-09-19 16:20:29,711 | INFO | Tactical check | Bc1      | -1360cp            | opp checks: 2 | loses material/position vs best (-1360 vs -630)
2026-09-19 16:20:29,711 | INFO | Tactical check | Rg1      | -630cp             | opp checks: 2 | ok
2026-09-19 16:20:29,711 | INFO | Tactical check | Rf1      | -860cp             | opp checks: 2 | loses material/position vs best (-860 vs -630)
2026-09-19 16:20:29,711 | INFO | Jev evaluating position: 2r5/pp1k2pp/4pb2/1b6/3p1B2/5P2/P1r2P1P/R3K2R w KQ - 2 24
2026-09-19 16:20:29,711 | INFO | Jev candidates: Bd2, Rg1
2026-09-19 16:20:30,065 | INFO | HTTP Request: POST https://api.typesafe.ai/v1/systemone "HTTP/1.1 200 OK"
2026-09-19 16:20:30,066 | INFO | POST https://api.typesafe.ai/v1/systemone <- 200 in 354ms (request req_01a0b94a007d7fa59a9a7677b6e0064e)
2026-09-19 16:20:30,066 | INFO | Jev selected: Bd2
2026-09-19 16:20:30,066 | INFO | Turn 24 | Jev played Bd2
2026-09-19 16:20:30,066 | INFO | Turn 24 | Player: Stockfish | FEN: 2r5/pp1k2pp/4pb2/1b6/3p4/5P2/P1rB1P1P/R3K2R b KQ - 3 24
2026-09-19 16:20:30,080 | INFO | Stockfish selected: R2c5
2026-09-19 16:20:30,080 | INFO | Turn 24 | Stockfish played R2c5
2026-09-19 16:20:30,080 | INFO | Turn 25 | Player: Jev | FEN: 2r5/pp1k2pp/4pb2/1br5/3p4/5P2/P2B1P1P/R3K2R w KQ - 4 25
2026-09-19 16:20:31,053 | INFO | Tactical check | Bh6      | -860cp             | opp checks: 2 | loses material/position vs best (-860 vs -530)
2026-09-19 16:20:31,053 | INFO | Tactical check | Bg5      | we get mated in 4  | opp checks: 2 | allows forced checkmate
2026-09-19 16:20:31,053 | INFO | Tactical check | Ba5      | -1030cp            | opp checks: 2 | loses material/position vs best (-1030 vs -530)
2026-09-19 16:20:31,053 | INFO | Tactical check | Bf4      | -630cp             | opp checks: 2 | ok
2026-09-19 16:20:31,053 | INFO | Tactical check | Bb4      | -1030cp            | opp checks: 2 | loses material/position vs best (-1030 vs -530)
2026-09-19 16:20:31,053 | INFO | Tactical check | Be3      | -760cp             | opp checks: 1 | loses material/position vs best (-760 vs -530)
2026-09-19 16:20:31,053 | INFO | Tactical check | Bc3      | -860cp             | opp checks: 1 | loses material/position vs best (-860 vs -530)
2026-09-19 16:20:31,053 | INFO | Tactical check | Bc1      | -1360cp            | opp checks: 2 | loses material/position vs best (-1360 vs -530)
2026-09-19 16:20:31,053 | INFO | Tactical check | Rg1      | -860cp             | opp checks: 2 | loses material/position vs best (-860 vs -530)
2026-09-19 16:20:31,053 | INFO | Tactical check | Rf1      | -1030cp            | opp checks: 2 | loses material/position vs best (-1030 vs -530)
2026-09-19 16:20:31,053 | INFO | Tactical check | Kd1      | -630cp             | opp checks: 3 | ok
2026-09-19 16:20:31,053 | INFO | Tactical check | Rd1      | -530cp             | opp checks: 1 | ok
2026-09-19 16:20:31,054 | INFO | Jev evaluating position: 2r5/pp1k2pp/4pb2/1br5/3p4/5P2/P2B1P1P/R3K2R w KQ - 4 25
2026-09-19 16:20:31,054 | INFO | Jev candidates: Bf4, Kd1, Rd1
2026-09-19 16:20:31,403 | INFO | HTTP Request: POST https://api.typesafe.ai/v1/systemone "HTTP/1.1 200 OK"
2026-09-19 16:20:31,404 | INFO | POST https://api.typesafe.ai/v1/systemone <- 200 in 350ms (request req_01a0b94a05bd74a9a9c2587c8439adf9)
2026-09-19 16:20:31,405 | INFO | Jev selected: Bf4
2026-09-19 16:20:31,405 | INFO | Turn 25 | Jev played Bf4
2026-09-19 16:20:31,405 | INFO | Turn 25 | Player: Stockfish | FEN: 2r5/pp1k2pp/4pb2/1br5/3p1B2/5P2/P4P1P/R3K2R b KQ - 5 25
2026-09-19 16:20:31,444 | INFO | Stockfish selected: Bd8
2026-09-19 16:20:31,444 | INFO | Turn 25 | Stockfish played Bd8
2026-09-19 16:20:31,444 | INFO | Turn 26 | Player: Jev | FEN: 2rb4/pp1k2pp/4p3/1br5/3p1B2/5P2/P4P1P/R3K2R w KQ - 6 26
2026-09-19 16:20:32,044 | INFO | Tactical check | Be5      | -1030cp            | opp checks: 3 | loses material/position vs best (-1030 vs -530)
2026-09-19 16:20:32,044 | INFO | Tactical check | Bb8      | -1030cp            | opp checks: 3 | loses material/position vs best (-1030 vs -530)
2026-09-19 16:20:32,044 | INFO | Tactical check | Bc7      | -860cp             | opp checks: 2 | loses material/position vs best (-860 vs -530)
2026-09-19 16:20:32,044 | INFO | Tactical check | Bh6      | -860cp             | opp checks: 3 | loses material/position vs best (-860 vs -530)
2026-09-19 16:20:32,044 | INFO | Tactical check | Bd6      | -1030cp            | opp checks: 3 | loses material/position vs best (-1030 vs -530)
2026-09-19 16:20:32,044 | INFO | Tactical check | Bg5      | we get mated in 4  | opp checks: 3 | allows forced checkmate
2026-09-19 16:20:32,044 | INFO | Tactical check | Bg3      | -1030cp            | opp checks: 3 | loses material/position vs best (-1030 vs -530)
2026-09-19 16:20:32,044 | INFO | Tactical check | Be3      | -760cp             | opp checks: 2 | loses material/position vs best (-760 vs -530)
2026-09-19 16:20:32,044 | INFO | Tactical check | Bd2      | -860cp             | opp checks: 2 | loses material/position vs best (-860 vs -530)
2026-09-19 16:20:32,044 | INFO | Tactical check | Bc1      | -1360cp            | opp checks: 3 | loses material/position vs best (-1360 vs -530)
2026-09-19 16:20:32,045 | INFO | Tactical check | Rg1      | -530cp             | opp checks: 3 | ok
2026-09-19 16:20:32,045 | INFO | Tactical check | Rf1      | -1030cp            | opp checks: 3 | loses material/position vs best (-1030 vs -530)
2026-09-19 16:20:32,045 | INFO | Jev evaluating position: 2rb4/pp1k2pp/4p3/1br5/3p1B2/5P2/P4P1P/R3K2R w KQ - 6 26
2026-09-19 16:20:32,045 | INFO | Jev candidates: Rg1
2026-09-19 16:20:32,360 | INFO | HTTP Request: POST https://api.typesafe.ai/v1/systemone "HTTP/1.1 200 OK"
2026-09-19 16:20:32,361 | INFO | POST https://api.typesafe.ai/v1/systemone <- 200 in 316ms (request req_01a0b94a099f7a2da51c1c5847a389cc)
2026-09-19 16:20:32,361 | INFO | Jev selected: Rg1
2026-09-19 16:20:32,362 | INFO | Turn 26 | Jev played Rg1
2026-09-19 16:20:32,362 | INFO | Turn 26 | Player: Stockfish | FEN: 2rb4/pp1k2pp/4p3/1br5/3p1B2/5P2/P4P1P/R3K1R1 b Q - 7 26
2026-09-19 16:20:32,377 | INFO | Stockfish selected: g5
2026-09-19 16:20:32,377 | INFO | Turn 26 | Stockfish played g5
2026-09-19 16:20:32,377 | INFO | Turn 27 | Player: Jev | FEN: 2rb4/pp1k3p/4p3/1br3p1/3p1B2/5P2/P4P1P/R3K1R1 w Q - 0 27
2026-09-19 16:20:32,932 | INFO | Tactical check | Bxg5     | -930cp             | opp checks: 3 | loses material/position vs best (-930 vs -760)
2026-09-19 16:20:32,932 | INFO | Tactical check | Rxg5     | -930cp             | opp checks: 3 | loses material/position vs best (-930 vs -760)
2026-09-19 16:20:32,932 | INFO | Tactical check | Be5      | -960cp             | opp checks: 3 | loses material/position vs best (-960 vs -760)
2026-09-19 16:20:32,932 | INFO | Tactical check | Bb8      | -930cp             | opp checks: 3 | loses material/position vs best (-930 vs -760)
2026-09-19 16:20:32,932 | INFO | Tactical check | Bc7      | -860cp             | opp checks: 2 | ok
2026-09-19 16:20:32,932 | INFO | Tactical check | Bd6      | -1030cp            | opp checks: 3 | loses material/position vs best (-1030 vs -760)
2026-09-19 16:20:32,932 | INFO | Tactical check | Bg3      | -1030cp            | opp checks: 3 | loses material/position vs best (-1030 vs -760)
2026-09-19 16:20:32,932 | INFO | Tactical check | Be3      | -760cp             | opp checks: 2 | ok
2026-09-19 16:20:32,932 | INFO | Tactical check | Bd2      | -860cp             | opp checks: 2 | ok
2026-09-19 16:20:32,932 | INFO | Tactical check | Bc1      | -1360cp            | opp checks: 3 | loses material/position vs best (-1360 vs -760)
2026-09-19 16:20:32,932 | INFO | Tactical check | Rg4      | -860cp             | opp checks: 3 | ok
2026-09-19 16:20:32,932 | INFO | Tactical check | Rg3      | -860cp             | opp checks: 3 | ok
2026-09-19 16:20:32,932 | INFO | Jev evaluating position: 2rb4/pp1k3p/4p3/1br3p1/3p1B2/5P2/P4P1P/R3K1R1 w Q - 0 27
2026-09-19 16:20:32,932 | INFO | Jev candidates: Bc7, Be3, Bd2, Rg4, Rg3
2026-09-19 16:20:33,844 | INFO | HTTP Request: POST https://api.typesafe.ai/v1/systemone "HTTP/1.1 200 OK"
2026-09-19 16:20:33,845 | INFO | POST https://api.typesafe.ai/v1/systemone <- 200 in 913ms (request req_01a0b94a0d1177468230eecd09cf3c41)
2026-09-19 16:20:33,846 | INFO | Jev selected: Bc7
2026-09-19 16:20:33,846 | INFO | Turn 27 | Jev played Bc7
2026-09-19 16:20:33,846 | INFO | Turn 27 | Player: Stockfish | FEN: 2rb4/ppBk3p/4p3/1br3p1/3p4/5P2/P4P1P/R3K1R1 b Q - 1 27
2026-09-19 16:20:33,859 | INFO | Stockfish selected: Bxc7
2026-09-19 16:20:33,860 | INFO | Turn 27 | Stockfish played Bxc7
2026-09-19 16:20:33,860 | INFO | Turn 28 | Player: Jev | FEN: 2r5/ppbk3p/4p3/1br3p1/3p4/5P2/P4P1P/R3K1R1 w Q - 0 28
2026-09-19 16:20:34,582 | INFO | Tactical check | Rxg5     | -1360cp            | opp checks: 3 | loses material/position vs best (-1360 vs -1030)
2026-09-19 16:20:34,582 | INFO | Tactical check | Rg4      | -1030cp            | opp checks: 3 | ok
2026-09-19 16:20:34,582 | INFO | Tactical check | Rg3      | we get mated in 3  | opp checks: 3 | allows forced checkmate
2026-09-19 16:20:34,582 | INFO | Tactical check | Rg2      | we get mated in 3  | opp checks: 3 | allows forced checkmate
2026-09-19 16:20:34,582 | INFO | Tactical check | Rh1      | we get mated in 3  | opp checks: 3 | allows forced checkmate
2026-09-19 16:20:34,582 | INFO | Tactical check | Rf1      | we get mated in 3  | opp checks: 3 | allows forced checkmate
2026-09-19 16:20:34,582 | INFO | Tactical check | Kd2      | we get mated in 3  | opp checks: 3 | allows forced checkmate
2026-09-19 16:20:34,582 | INFO | Tactical check | Kd1      | we get mated in 3  | opp checks: 3 | allows forced checkmate
2026-09-19 16:20:34,582 | INFO | Tactical check | Rd1      | we get mated in 2  | opp checks: 2 | allows forced checkmate
2026-09-19 16:20:34,582 | INFO | Tactical check | Rc1      | we get mated in 2  | opp checks: 3 | allows forced checkmate
2026-09-19 16:20:34,582 | INFO | Tactical check | Rb1      | -1030cp            | opp checks: 3 | ok
2026-09-19 16:20:34,582 | INFO | Tactical check | f4       | -1060cp            | opp checks: 3 | ok
2026-09-19 16:20:34,582 | INFO | Jev evaluating position: 2r5/ppbk3p/4p3/1br3p1/3p4/5P2/P4P1P/R3K1R1 w Q - 0 28
2026-09-19 16:20:34,582 | INFO | Jev candidates: Rg4, Rb1, f4
2026-09-19 16:20:34,920 | INFO | HTTP Request: POST https://api.typesafe.ai/v1/systemone "HTTP/1.1 200 OK"
2026-09-19 16:20:34,921 | INFO | POST https://api.typesafe.ai/v1/systemone <- 200 in 338ms (request req_01a0b94a1396726da34d6be368823cfc)
2026-09-19 16:20:34,921 | INFO | Jev selected: Rg4
2026-09-19 16:20:34,922 | INFO | Turn 28 | Jev played Rg4
2026-09-19 16:20:34,922 | INFO | Turn 28 | Player: Stockfish | FEN: 2r5/ppbk3p/4p3/1br3p1/3p2R1/5P2/P4P1P/R3K3 b Q - 1 28
2026-09-19 16:20:34,937 | INFO | Stockfish selected: Ba5+
2026-09-19 16:20:34,937 | INFO | Turn 28 | Stockfish played Ba5+
2026-09-19 16:20:34,937 | INFO | Turn 29 | Player: Jev | FEN: 2r5/pp1k3p/4p3/bbr3p1/3p2R1/5P2/P4P1P/R3K3 w Q - 2 29
2026-09-19 16:20:34,984 | INFO | Tactical check | Kd1      | -860cp             | opp checks: 3 | ok
2026-09-19 16:20:34,985 | INFO | Jev evaluating position: 2r5/pp1k3p/4p3/bbr3p1/3p2R1/5P2/P4P1P/R3K3 w Q - 2 29
2026-09-19 16:20:34,985 | INFO | Jev candidates: Kd1
2026-09-19 16:20:35,309 | INFO | HTTP Request: POST https://api.typesafe.ai/v1/systemone "HTTP/1.1 200 OK"
2026-09-19 16:20:35,310 | INFO | POST https://api.typesafe.ai/v1/systemone <- 200 in 325ms (request req_01a0b94a151c7147841a68a178c9e117)
2026-09-19 16:20:35,311 | INFO | Jev selected: Kd1
2026-09-19 16:20:35,311 | INFO | Turn 29 | Jev played Kd1
2026-09-19 16:20:35,311 | INFO | Turn 29 | Player: Stockfish | FEN: 2r5/pp1k3p/4p3/bbr3p1/3p2R1/5P2/P4P1P/R2K4 b - - 3 29
2026-09-19 16:20:35,323 | INFO | Stockfish selected: Ba4+
2026-09-19 16:20:35,323 | INFO | Turn 29 | Stockfish played Ba4+
2026-09-19 16:20:35,323 | INFO | Turn 30 | Player: Jev | FEN: 2r5/pp1k3p/4p3/b1r3p1/b2p2R1/5P2/P4P1P/R2K4 w - - 4 30
2026-09-19 16:20:35,381 | INFO | Tactical check | Ke2      | -860cp             | opp checks: 5 | ok
2026-09-19 16:20:35,381 | INFO | Jev evaluating position: 2r5/pp1k3p/4p3/b1r3p1/b2p2R1/5P2/P4P1P/R2K4 w - - 4 30
2026-09-19 16:20:35,381 | INFO | Jev candidates: Ke2
2026-09-19 16:20:35,789 | INFO | HTTP Request: POST https://api.typesafe.ai/v1/systemone "HTTP/1.1 200 OK"
2026-09-19 16:20:35,790 | INFO | POST https://api.typesafe.ai/v1/systemone <- 200 in 409ms (request req_01a0b94a16a87f7da016d15279054cad)
2026-09-19 16:20:35,790 | INFO | Jev selected: Ke2
2026-09-19 16:20:35,791 | INFO | Turn 30 | Jev played Ke2
2026-09-19 16:20:35,791 | INFO | Turn 30 | Player: Stockfish | FEN: 2r5/pp1k3p/4p3/b1r3p1/b2p2R1/5P2/P3KP1P/R7 b - - 5 30
2026-09-19 16:20:35,832 | INFO | Stockfish selected: Bb5+
2026-09-19 16:20:35,832 | INFO | Turn 30 | Stockfish played Bb5+
2026-09-19 16:20:35,832 | INFO | Turn 31 | Player: Jev | FEN: 2r5/pp1k3p/4p3/bbr3p1/3p2R1/5P2/P3KP1P/R7 w - - 6 31
2026-09-19 16:20:35,868 | INFO | Tactical check | Kd1      | -860cp             | opp checks: 3 | ok
2026-09-19 16:20:35,868 | INFO | Jev evaluating position: 2r5/pp1k3p/4p3/bbr3p1/3p2R1/5P2/P3KP1P/R7 w - - 6 31
2026-09-19 16:20:35,868 | INFO | Jev candidates: Kd1
2026-09-19 16:20:36,325 | INFO | HTTP Request: POST https://api.typesafe.ai/v1/systemone "HTTP/1.1 200 OK"
2026-09-19 16:20:36,326 | INFO | POST https://api.typesafe.ai/v1/systemone <- 200 in 457ms (request req_01a0b94a188a7e8d8ead5c3212b7637d)
2026-09-19 16:20:36,326 | INFO | Jev selected: Kd1
2026-09-19 16:20:36,327 | INFO | Turn 31 | Jev played Kd1
2026-09-19 16:20:36,327 | INFO | Turn 31 | Player: Stockfish | FEN: 2r5/pp1k3p/4p3/bbr3p1/3p2R1/5P2/P4P1P/R2K4 b - - 7 31
2026-09-19 16:20:36,352 | INFO | Stockfish selected: Ba4+
2026-09-19 16:20:36,352 | INFO | Turn 31 | Stockfish played Ba4+
2026-09-19 16:20:36,352 | INFO | Turn 32 | Player: Jev | FEN: 2r5/pp1k3p/4p3/b1r3p1/b2p2R1/5P2/P4P1P/R2K4 w - - 8 32
2026-09-19 16:20:36,403 | INFO | Tactical check | Ke2      | -860cp             | opp checks: 5 | ok
2026-09-19 16:20:36,404 | INFO | Jev evaluating position: 2r5/pp1k3p/4p3/b1r3p1/b2p2R1/5P2/P4P1P/R2K4 w - - 8 32
2026-09-19 16:20:36,404 | INFO | Jev candidates: Ke2
2026-09-19 16:20:36,814 | INFO | HTTP Request: POST https://api.typesafe.ai/v1/systemone "HTTP/1.1 200 OK"
2026-09-19 16:20:36,814 | INFO | POST https://api.typesafe.ai/v1/systemone <- 200 in 411ms (request req_01a0b94a1aa37c75ab994a3a236b54d8)
2026-09-19 16:20:36,815 | INFO | Jev selected: Ke2
2026-09-19 16:20:36,815 | INFO | Turn 32 | Jev played Ke2
2026-09-19 16:20:36,816 | INFO | Turn 32 | Player: Stockfish | FEN: 2r5/pp1k3p/4p3/b1r3p1/b2p2R1/5P2/P3KP1P/R7 b - - 9 32
2026-09-19 16:20:36,852 | INFO | Stockfish selected: Rd5
2026-09-19 16:20:36,852 | INFO | Turn 32 | Stockfish played Rd5
2026-09-19 16:20:36,852 | INFO | Turn 33 | Player: Jev | FEN: 2r5/pp1k3p/4p3/b2r2p1/b2p2R1/5P2/P3KP1P/R7 w - - 10 33
2026-09-19 16:20:37,790 | INFO | Tactical check | Rxd4     | -1260cp            | opp checks: 3 | loses material/position vs best (-1260 vs -860)
2026-09-19 16:20:37,790 | INFO | Tactical check | Rxg5     | -1260cp            | opp checks: 5 | loses material/position vs best (-1260 vs -860)
2026-09-19 16:20:37,790 | INFO | Tactical check | Re4      | -930cp             | opp checks: 4 | ok
2026-09-19 16:20:37,790 | INFO | Tactical check | Rh4      | -1360cp            | opp checks: 5 | loses material/position vs best (-1360 vs -860)
2026-09-19 16:20:37,790 | INFO | Tactical check | Rf4      | -1360cp            | opp checks: 5 | loses material/position vs best (-1360 vs -860)
2026-09-19 16:20:37,790 | INFO | Tactical check | Rg3      | -860cp             | opp checks: 5 | ok
2026-09-19 16:20:37,790 | INFO | Tactical check | Rg2      | -860cp             | opp checks: 5 | ok
2026-09-19 16:20:37,790 | INFO | Tactical check | Rgg1     | -860cp             | opp checks: 5 | ok
2026-09-19 16:20:37,791 | INFO | Tactical check | Kd3      | -960cp             | opp checks: 3 | ok
2026-09-19 16:20:37,791 | INFO | Tactical check | Kf1      | -860cp             | opp checks: 2 | ok
2026-09-19 16:20:37,791 | INFO | Tactical check | Rh1      | -960cp             | opp checks: 5 | ok
2026-09-19 16:20:37,791 | INFO | Tactical check | Rag1     | -960cp             | opp checks: 5 | ok
2026-09-19 16:20:37,791 | INFO | Jev evaluating position: 2r5/pp1k3p/4p3/b2r2p1/b2p2R1/5P2/P3KP1P/R7 w - - 10 33
2026-09-19 16:20:37,791 | INFO | Jev candidates: Re4, Rg3, Rg2, Rgg1, Kd3, Kf1
2026-09-19 16:20:38,181 | INFO | HTTP Request: POST https://api.typesafe.ai/v1/systemone "HTTP/1.1 200 OK"
2026-09-19 16:20:38,182 | INFO | POST https://api.typesafe.ai/v1/systemone <- 200 in 391ms (request req_01a0b94a202b7955b4d6093bd17c70be)
2026-09-19 16:20:38,182 | INFO | Jev selected: Re4
2026-09-19 16:20:38,182 | INFO | Turn 33 | Jev played Re4
2026-09-19 16:20:38,183 | INFO | Turn 33 | Player: Stockfish | FEN: 2r5/pp1k3p/4p3/b2r2p1/b2pR3/5P2/P3KP1P/R7 b - - 11 33
2026-09-19 16:20:38,199 | INFO | Stockfish selected: d3+
2026-09-19 16:20:38,199 | INFO | Turn 33 | Stockfish played d3+
2026-09-19 16:20:38,199 | INFO | Turn 34 | Player: Jev | FEN: 2r5/pp1k3p/4p3/b2r2p1/b3R3/3p1P2/P3KP1P/R7 w - - 0 34
2026-09-19 16:20:38,353 | INFO | Tactical check | Ke3      | -1060cp            | opp checks: 2 | ok
2026-09-19 16:20:38,353 | INFO | Tactical check | Kf1      | -1030cp            | opp checks: 1 | ok
2026-09-19 16:20:38,353 | INFO | Jev evaluating position: 2r5/pp1k3p/4p3/b2r2p1/b3R3/3p1P2/P3KP1P/R7 w - - 0 34
2026-09-19 16:20:38,353 | INFO | Jev candidates: Ke3, Kf1
2026-09-19 16:20:39,431 | INFO | HTTP Request: POST https://api.typesafe.ai/v1/systemone "HTTP/1.1 200 OK"
2026-09-19 16:20:39,432 | INFO | POST https://api.typesafe.ai/v1/systemone <- 200 in 1079ms (request req_01a0b94a25437b1aa88421d825a09774)
2026-09-19 16:20:39,433 | INFO | Jev selected: Ke3
2026-09-19 16:20:39,433 | INFO | Turn 34 | Jev played Ke3
2026-09-19 16:20:39,433 | INFO | Turn 34 | Player: Stockfish | FEN: 2r5/pp1k3p/4p3/b2r2p1/b3R3/3pKP2/P4P1P/R7 b - - 1 34
2026-09-19 16:20:39,448 | INFO | Stockfish selected: Bc2
2026-09-19 16:20:39,449 | INFO | Turn 34 | Stockfish played Bc2
2026-09-19 16:20:39,449 | INFO | Turn 35 | Player: Jev | FEN: 2r5/pp1k3p/4p3/b2r2p1/4R3/3pKP2/P1b2P1P/R7 w - - 2 35
2026-09-19 16:20:40,053 | INFO | Tactical check | Rxe6     | -1260cp            | opp checks: 3 | ok
2026-09-19 16:20:40,053 | INFO | Tactical check | Re5      | we get mated in 2  | opp checks: 3 | allows forced checkmate
2026-09-19 16:20:40,053 | INFO | Tactical check | Rd4      | -1360cp            | opp checks: 1 | ok
2026-09-19 16:20:40,053 | INFO | Tactical check | Rh4      | -1360cp            | opp checks: 3 | ok
2026-09-19 16:20:40,053 | INFO | Tactical check | Rg4      | -1260cp            | opp checks: 3 | ok
2026-09-19 16:20:40,053 | INFO | Tactical check | Rf4      | -1360cp            | opp checks: 4 | ok
2026-09-19 16:20:40,054 | INFO | Tactical check | Rc4      | -1460cp            | opp checks: 3 | loses material/position vs best (-1460 vs -1260)
2026-09-19 16:20:40,054 | INFO | Tactical check | Rb4      | -1360cp            | opp checks: 2 | ok
2026-09-19 16:20:40,054 | INFO | Tactical check | Ra4      | -1360cp            | opp checks: 3 | ok
2026-09-19 16:20:40,054 | INFO | Tactical check | Rh1      | -1260cp            | opp checks: 2 | ok
2026-09-19 16:20:40,054 | INFO | Tactical check | Rg1      | -1260cp            | opp checks: 2 | ok
2026-09-19 16:20:40,054 | INFO | Tactical check | Rf1      | -1260cp            | opp checks: 2 | ok
2026-09-19 16:20:40,054 | INFO | Jev evaluating position: 2r5/pp1k3p/4p3/b2r2p1/4R3/3pKP2/P1b2P1P/R7 w - - 2 35
2026-09-19 16:20:40,054 | INFO | Jev candidates: Rxe6, Rd4, Rh4, Rg4, Rf4, Rb4
2026-09-19 16:20:40,500 | INFO | HTTP Request: POST https://api.typesafe.ai/v1/systemone "HTTP/1.1 200 OK"
2026-09-19 16:20:40,500 | INFO | POST https://api.typesafe.ai/v1/systemone <- 200 in 447ms (request req_01a0b94a28e3745981ac1aa99c259c74)
2026-09-19 16:20:40,501 | INFO | Jev selected: Rxe6
2026-09-19 16:20:40,501 | INFO | Turn 35 | Jev played Rxe6
2026-09-19 16:20:40,502 | INFO | Turn 35 | Player: Stockfish | FEN: 2r5/pp1k3p/4R3/b2r2p1/8/3pKP2/P1b2P1P/R7 b - - 0 35
2026-09-19 16:20:40,529 | INFO | Stockfish selected: d2
2026-09-19 16:20:40,529 | INFO | Turn 35 | Stockfish played d2
2026-09-19 16:20:40,529 | INFO | Turn 36 | Player: Jev | FEN: 2r5/pp1k3p/4R3/b2r2p1/8/4KP2/P1bp1P1P/R7 w - - 0 36
2026-09-19 16:20:41,031 | INFO | Tactical check | Re7+     | -1660cp            | opp checks: 0 | loses material/position vs best (-1660 vs -1260)
2026-09-19 16:20:41,031 | INFO | Tactical check | Rd6+     | -1660cp            | opp checks: 0 | loses material/position vs best (-1660 vs -1260)
2026-09-19 16:20:41,031 | INFO | Tactical check | Re5      | we get mated in 2  | opp checks: 5 | allows forced checkmate
2026-09-19 16:20:41,031 | INFO | Tactical check | Re4      | -1260cp            | opp checks: 4 | ok
2026-09-19 16:20:41,031 | INFO | Tactical check | Re8      | we get mated in 1  | opp checks: 6 | allows forced checkmate
2026-09-19 16:20:41,031 | INFO | Tactical check | Rh6      | we get mated in 2  | opp checks: 6 | allows forced checkmate
2026-09-19 16:20:41,031 | INFO | Tactical check | Rg6      | we get mated in 2  | opp checks: 6 | allows forced checkmate
2026-09-19 16:20:41,031 | INFO | Tactical check | Rf6      | we get mated in 2  | opp checks: 6 | allows forced checkmate
2026-09-19 16:20:41,031 | INFO | Tactical check | Rc6      | we get mated in 2  | opp checks: 5 | allows forced checkmate
2026-09-19 16:20:41,031 | INFO | Tactical check | Rb6      | we get mated in 2  | opp checks: 6 | allows forced checkmate
2026-09-19 16:20:41,031 | INFO | Tactical check | Ra6      | we get mated in 2  | opp checks: 6 | allows forced checkmate
2026-09-19 16:20:41,031 | INFO | Tactical check | Ke2      | -1660cp            | opp checks: 5 | loses material/position vs best (-1660 vs -1260)
2026-09-19 16:20:41,031 | INFO | Jev evaluating position: 2r5/pp1k3p/4R3/b2r2p1/8/4KP2/P1bp1P1P/R7 w - - 0 36
2026-09-19 16:20:41,031 | INFO | Jev candidates: Re4
2026-09-19 16:20:41,337 | INFO | HTTP Request: POST https://api.typesafe.ai/v1/systemone "HTTP/1.1 200 OK"
2026-09-19 16:20:41,338 | INFO | POST https://api.typesafe.ai/v1/systemone <- 200 in 306ms (request req_01a0b94a2cb57c4087e5508eb5a98327)
2026-09-19 16:20:41,338 | INFO | Jev selected: Re4
2026-09-19 16:20:41,338 | INFO | Turn 36 | Jev played Re4
2026-09-19 16:20:41,338 | INFO | Turn 36 | Player: Stockfish | FEN: 2r5/pp1k3p/8/b2r2p1/4R3/4KP2/P1bp1P1P/R7 b - - 1 36
2026-09-19 16:20:41,365 | INFO | Stockfish selected: Bc3
2026-09-19 16:20:41,365 | INFO | Turn 36 | Stockfish played Bc3
2026-09-19 16:20:41,365 | INFO | Turn 37 | Player: Jev | FEN: 2r5/pp1k3p/8/3r2p1/4R3/2b1KP2/P1bp1P1P/R7 w - - 2 37
2026-09-19 16:20:42,085 | INFO | Tactical check | Re7+     | -1760cp            | opp checks: 0 | ok
2026-09-19 16:20:42,085 | INFO | Tactical check | Re5      | we get mated in 1  | opp checks: 4 | allows forced checkmate
2026-09-19 16:20:42,085 | INFO | Tactical check | Rd4      | -1760cp            | opp checks: 3 | ok
2026-09-19 16:20:42,085 | INFO | Tactical check | Re8      | we get mated in 1  | opp checks: 5 | allows forced checkmate
2026-09-19 16:20:42,085 | INFO | Tactical check | Re6      | -1760cp            | opp checks: 4 | ok
2026-09-19 16:20:42,085 | INFO | Tactical check | Rh4      | -1660cp            | opp checks: 5 | ok
2026-09-19 16:20:42,085 | INFO | Tactical check | Rg4      | -1760cp            | opp checks: 5 | ok
2026-09-19 16:20:42,085 | INFO | Tactical check | Rf4      | -1660cp            | opp checks: 6 | ok
2026-09-19 16:20:42,085 | INFO | Tactical check | Rc4      | -1760cp            | opp checks: 5 | ok
2026-09-19 16:20:42,085 | INFO | Tactical check | Rb4      | -1660cp            | opp checks: 5 | ok
2026-09-19 16:20:42,085 | INFO | Tactical check | Ra4      | -1760cp            | opp checks: 5 | ok
2026-09-19 16:20:42,085 | INFO | Tactical check | Ke2      | -1760cp            | opp checks: 4 | ok
2026-09-19 16:20:42,085 | INFO | Jev evaluating position: 2r5/pp1k3p/8/3r2p1/4R3/2b1KP2/P1bp1P1P/R7 w - - 2 37
2026-09-19 16:20:42,085 | INFO | Jev candidates: Re7+, Rd4, Re6, Rh4, Rg4, Rf4
2026-09-19 16:20:42,432 | INFO | HTTP Request: POST https://api.typesafe.ai/v1/systemone "HTTP/1.1 200 OK"
2026-09-19 16:20:42,433 | INFO | POST https://api.typesafe.ai/v1/systemone <- 200 in 348ms (request req_01a0b94a30d4797ea7673959e126ba60)
2026-09-19 16:20:42,434 | INFO | Jev selected: Re7+
2026-09-19 16:20:42,434 | INFO | Turn 37 | Jev played Re7+
2026-09-19 16:20:42,434 | INFO | Turn 37 | Player: Stockfish | FEN: 2r5/pp1kR2p/8/3r2p1/8/2b1KP2/P1bp1P1P/R7 b - - 3 37
2026-09-19 16:20:42,446 | INFO | Stockfish selected: Kxe7
2026-09-19 16:20:42,447 | INFO | Turn 37 | Stockfish played Kxe7
2026-09-19 16:20:42,447 | INFO | Turn 38 | Player: Jev | FEN: 2r5/pp2k2p/8/3r2p1/8/2b1KP2/P1bp1P1P/R7 w - - 0 38
2026-09-19 16:20:43,521 | INFO | Tactical check | Ke2      | -2560cp            | opp checks: 5 | ok
2026-09-19 16:20:43,521 | INFO | Tactical check | Rh1      | we get mated in 1  | opp checks: 4 | allows forced checkmate
2026-09-19 16:20:43,521 | INFO | Tactical check | Rg1      | we get mated in 1  | opp checks: 4 | allows forced checkmate
2026-09-19 16:20:43,521 | INFO | Tactical check | Rf1      | we get mated in 1  | opp checks: 4 | allows forced checkmate
2026-09-19 16:20:43,521 | INFO | Tactical check | Re1      | we get mated in 1  | opp checks: 6 | allows forced checkmate
2026-09-19 16:20:43,521 | INFO | Tactical check | Rd1      | we get mated in 1  | opp checks: 3 | allows forced checkmate
2026-09-19 16:20:43,521 | INFO | Tactical check | Rc1      | we get mated in 1  | opp checks: 6 | allows forced checkmate
2026-09-19 16:20:43,521 | INFO | Tactical check | Rb1      | we get mated in 1  | opp checks: 4 | allows forced checkmate
2026-09-19 16:20:43,521 | INFO | Tactical check | f4       | -2460cp            | opp checks: 5 | ok
2026-09-19 16:20:43,521 | INFO | Tactical check | h3       | we get mated in 1  | opp checks: 4 | allows forced checkmate
2026-09-19 16:20:43,521 | INFO | Tactical check | a3       | we get mated in 1  | opp checks: 4 | allows forced checkmate
2026-09-19 16:20:43,521 | INFO | Tactical check | h4       | we get mated in 1  | opp checks: 4 | allows forced checkmate
2026-09-19 16:20:43,521 | INFO | Jev evaluating position: 2r5/pp2k2p/8/3r2p1/8/2b1KP2/P1bp1P1P/R7 w - - 0 38
2026-09-19 16:20:43,521 | INFO | Jev candidates: Ke2, f4
2026-09-19 16:20:43,920 | INFO | HTTP Request: POST https://api.typesafe.ai/v1/systemone "HTTP/1.1 200 OK"
2026-09-19 16:20:43,920 | INFO | POST https://api.typesafe.ai/v1/systemone <- 200 in 399ms (request req_01a0b94a36b37acab273a5ed0dd85db2)
2026-09-19 16:20:43,921 | INFO | Jev selected: Ke2
2026-09-19 16:20:43,921 | INFO | Turn 38 | Jev played Ke2
2026-09-19 16:20:43,922 | INFO | Turn 38 | Player: Stockfish | FEN: 2r5/pp2k2p/8/3r2p1/8/2b2P2/P1bpKP1P/R7 b - - 1 38
2026-09-19 16:20:43,933 | INFO | Stockfish selected: Bxa1
2026-09-19 16:20:43,934 | INFO | Turn 38 | Stockfish played Bxa1
2026-09-19 16:20:43,934 | INFO | Turn 39 | Player: Jev | FEN: 2r5/pp2k2p/8/3r2p1/8/5P2/P1bpKP1P/b7 w - - 0 39
2026-09-19 16:20:44,453 | INFO | Tactical check | Ke3      | we get mated in 2  | opp checks: 5 | allows forced checkmate
2026-09-19 16:20:44,454 | INFO | Tactical check | Kf1      | -2560cp            | opp checks: 3 | ok
2026-09-19 16:20:44,454 | INFO | Tactical check | f4       | we get mated in 2  | opp checks: 5 | allows forced checkmate
2026-09-19 16:20:44,454 | INFO | Tactical check | h3       | we get mated in 2  | opp checks: 5 | allows forced checkmate
2026-09-19 16:20:44,454 | INFO | Tactical check | a3       | we get mated in 2  | opp checks: 5 | allows forced checkmate
2026-09-19 16:20:44,454 | INFO | Tactical check | h4       | we get mated in 2  | opp checks: 5 | allows forced checkmate
2026-09-19 16:20:44,454 | INFO | Tactical check | a4       | we get mated in 2  | opp checks: 5 | allows forced checkmate
2026-09-19 16:20:44,454 | INFO | Jev evaluating position: 2r5/pp2k2p/8/3r2p1/8/5P2/P1bpKP1P/b7 w - - 0 39
2026-09-19 16:20:44,454 | INFO | Jev candidates: Kf1
2026-09-19 16:20:44,771 | INFO | HTTP Request: POST https://api.typesafe.ai/v1/systemone "HTTP/1.1 200 OK"
2026-09-19 16:20:44,771 | INFO | POST https://api.typesafe.ai/v1/systemone <- 200 in 318ms (request req_01a0b94a3a157ea6bbaeda4934d40078)
2026-09-19 16:20:44,772 | INFO | Jev selected: Kf1
2026-09-19 16:20:44,772 | INFO | Turn 39 | Jev played Kf1
2026-09-19 16:20:44,773 | INFO | Turn 39 | Player: Stockfish | FEN: 2r5/pp2k2p/8/3r2p1/8/5P2/P1bp1P1P/b4K2 b - - 1 39
2026-09-19 16:20:44,795 | INFO | Stockfish selected: Rc3
2026-09-19 16:20:44,795 | INFO | Turn 39 | Stockfish played Rc3
2026-09-19 16:20:44,795 | INFO | Turn 40 | Player: Jev | FEN: 8/pp2k2p/8/3r2p1/8/2r2P2/P1bp1P1P/b4K2 w - - 2 40
2026-09-19 16:20:45,240 | INFO | Tactical check | Kg2      | -2760cp            | opp checks: 0 | ok
2026-09-19 16:20:45,240 | INFO | Tactical check | Ke2      | we get mated in 1  | opp checks: 6 | allows forced checkmate
2026-09-19 16:20:45,240 | INFO | Tactical check | Kg1      | -2660cp            | opp checks: 2 | ok
2026-09-19 16:20:45,240 | INFO | Tactical check | f4       | -2760cp            | opp checks: 3 | ok
2026-09-19 16:20:45,240 | INFO | Tactical check | h3       | -2760cp            | opp checks: 3 | ok
2026-09-19 16:20:45,240 | INFO | Tactical check | a3       | -2760cp            | opp checks: 3 | ok
2026-09-19 16:20:45,240 | INFO | Tactical check | h4       | -2760cp            | opp checks: 3 | ok
2026-09-19 16:20:45,240 | INFO | Tactical check | a4       | -2760cp            | opp checks: 3 | ok
2026-09-19 16:20:45,241 | INFO | Jev evaluating position: 8/pp2k2p/8/3r2p1/8/2r2P2/P1bp1P1P/b4K2 w - - 2 40
2026-09-19 16:20:45,241 | INFO | Jev candidates: Kg2, Kg1, f4, h3, a3, h4
2026-09-19 16:20:45,571 | INFO | HTTP Request: POST https://api.typesafe.ai/v1/systemone "HTTP/1.1 200 OK"
2026-09-19 16:20:45,572 | INFO | POST https://api.typesafe.ai/v1/systemone <- 200 in 332ms (request req_01a0b94a3d2c7f0e928b36c76c1356f9)
2026-09-19 16:20:45,573 | INFO | Jev selected: Kg2
2026-09-19 16:20:45,573 | INFO | Turn 40 | Jev played Kg2
2026-09-19 16:20:45,573 | INFO | Turn 40 | Player: Stockfish | FEN: 8/pp2k2p/8/3r2p1/8/2r2P2/P1bp1PKP/b7 b - - 3 40
2026-09-19 16:20:45,581 | INFO | Stockfish selected: d1=Q
2026-09-19 16:20:45,581 | INFO | Turn 40 | Stockfish played d1=Q
2026-09-19 16:20:45,581 | INFO | Turn 41 | Player: Jev | FEN: 8/pp2k2p/8/3r2p1/8/2r2P2/P1b2PKP/b2q4 w - - 0 41
2026-09-19 16:20:46,231 | INFO | Tactical check | Kh3      | we get mated in 1  | opp checks: 5 | allows forced checkmate
2026-09-19 16:20:46,231 | INFO | Tactical check | Kg3      | we get mated in 1  | opp checks: 3 | allows forced checkmate
2026-09-19 16:20:46,231 | INFO | Tactical check | f4       | we get mated in 2  | opp checks: 7 | allows forced checkmate
2026-09-19 16:20:46,231 | INFO | Tactical check | h3       | we get mated in 3  | opp checks: 4 | allows forced checkmate
2026-09-19 16:20:46,231 | INFO | Tactical check | a3       | we get mated in 2  | opp checks: 4 | allows forced checkmate
2026-09-19 16:20:46,231 | INFO | Tactical check | h4       | -2860cp            | opp checks: 4 | ok
2026-09-19 16:20:46,231 | INFO | Tactical check | a4       | we get mated in 2  | opp checks: 4 | allows forced checkmate
2026-09-19 16:20:46,231 | INFO | Jev evaluating position: 8/pp2k2p/8/3r2p1/8/2r2P2/P1b2PKP/b2q4 w - - 0 41
2026-09-19 16:20:46,231 | INFO | Jev candidates: h4
2026-09-19 16:20:46,549 | INFO | HTTP Request: POST https://api.typesafe.ai/v1/systemone "HTTP/1.1 200 OK"
2026-09-19 16:20:46,550 | INFO | POST https://api.typesafe.ai/v1/systemone <- 200 in 318ms (request req_01a0b94a41087a50940418d8a6558748)
2026-09-19 16:20:46,550 | INFO | Jev selected: h4
2026-09-19 16:20:46,551 | INFO | Turn 41 | Jev played h4
2026-09-19 16:20:46,551 | INFO | Turn 41 | Player: Stockfish | FEN: 8/pp2k2p/8/3r2p1/7P/2r2P2/P1b2PK1/b2q4 b - - 0 41
2026-09-19 16:20:46,554 | INFO | Stockfish selected: Qxf3+
2026-09-19 16:20:46,554 | INFO | Turn 41 | Stockfish played Qxf3+
2026-09-19 16:20:46,555 | INFO | Turn 42 | Player: Jev | FEN: 8/pp2k2p/8/3r2p1/7P/2r2q2/P1b2PK1/b7 w - - 0 42
2026-09-19 16:20:46,864 | INFO | Tactical check | Kh2      | we get mated in 2  | opp checks: 6 | least bad: delays the forced mate longest
2026-09-19 16:20:46,865 | INFO | Tactical check | Kg1      | we get mated in 2  | opp checks: 7 | least bad: delays the forced mate longest
2026-09-19 16:20:46,865 | INFO | Tactical check | Kf1      | we get mated in 1  | opp checks: 9 | loses to a faster forced mate
2026-09-19 16:20:46,865 | INFO | Jev evaluating position: 8/pp2k2p/8/3r2p1/7P/2r2q2/P1b2PK1/b7 w - - 0 42
2026-09-19 16:20:46,865 | INFO | Jev candidates: Kh2, Kg1
2026-09-19 16:20:47,266 | INFO | HTTP Request: POST https://api.typesafe.ai/v1/systemone "HTTP/1.1 200 OK"
2026-09-19 16:20:47,267 | INFO | POST https://api.typesafe.ai/v1/systemone <- 200 in 402ms (request req_01a0b94a43a470b0a197d33e37466e38)
2026-09-19 16:20:47,267 | INFO | Jev selected: Kh2
2026-09-19 16:20:47,268 | INFO | Turn 42 | Jev played Kh2
2026-09-19 16:20:47,268 | INFO | Turn 42 | Player: Stockfish | FEN: 8/pp2k2p/8/3r2p1/7P/2r2q2/P1b2P1K/b7 b - - 1 42
2026-09-19 16:20:47,271 | INFO | Stockfish selected: Qxf2+
2026-09-19 16:20:47,271 | INFO | Turn 42 | Stockfish played Qxf2+
2026-09-19 16:20:47,272 | INFO | Turn 43 | Player: Jev | FEN: 8/pp2k2p/8/3r2p1/7P/2r5/P1b2q1K/b7 w - - 0 43
2026-09-19 16:20:47,389 | INFO | Tactical check | Kh1      | we get mated in 1  | opp checks: 10 | least bad: delays the forced mate longest
2026-09-19 16:20:47,389 | INFO | Jev evaluating position: 8/pp2k2p/8/3r2p1/7P/2r5/P1b2q1K/b7 w - - 0 43
2026-09-19 16:20:47,389 | INFO | Jev candidates: Kh1
2026-09-19 16:20:47,784 | INFO | HTTP Request: POST https://api.typesafe.ai/v1/systemone "HTTP/1.1 200 OK"
2026-09-19 16:20:47,785 | INFO | POST https://api.typesafe.ai/v1/systemone <- 200 in 396ms (request req_01a0b94a459970439e576dd65abc01a9)
2026-09-19 16:20:47,785 | INFO | Jev selected: Kh1
2026-09-19 16:20:47,786 | INFO | Turn 43 | Jev played Kh1
2026-09-19 16:20:47,786 | INFO | Turn 43 | Player: Stockfish | FEN: 8/pp2k2p/8/3r2p1/7P/2r5/P1b2q2/b6K b - - 1 43
2026-09-19 16:20:47,789 | INFO | Stockfish selected: Rh3#
2026-09-19 16:20:47,789 | INFO | Turn 43 | Stockfish played Rh3#
2026-09-19 16:20:47,789 | INFO | Game over
2026-09-19 16:20:47,789 | INFO | Result: 0-1
2026-09-19 16:20:47,789 | INFO | Final position: 8/pp2k2p/8/3r2p1/7P/7r/P1b2q2/b6K w - - 2 44
